mkdir files
sudo mount -t vboxsf files ~/files/
// VBoxClient DnD Failed to connect to the virtualbox kernel service rc=VERR_ACCESS_DENIED
// Проблемы с копиророванием, заново перезапускаем дополнения
sudo killall VBoxClient
sudo VBoxClient-all

osboxes@osboxes:~/files/1$ nasm -f bin boot.asm -o boot
osboxes@osboxes:~/files/1$ sudo dd if=boot bs=512 of=/dev/fd0
1+0 records in
1+0 records out
512 bytes (512 B) copied, 0.0572043 s, 9.0 kB/s



osboxes@osboxes:~/files/2$ nasm -f bin boot.asm -o boot
osboxes@osboxes:~/files/2$ nasm -f bin kernel.asm -o kernel
osboxes@osboxes:~/files/2$ sudo dd if=boot bs=512 of=/dev/fd0 count=1
1+0 records in
1+0 records out
512 bytes (512 B) copied, 0.0251328 s, 20.4 kB/s
osboxes@osboxes:~/files/2$ sudo dd if=kernel bs=512 of=/dev/fd0 count=1 seek=1
1+0 records in
1+0 records out
512 bytes (512 B) copied, 0.0421435 s, 12.1 kB/s


osboxes@osboxes:~/files$ sudo apt-get update
osboxes@osboxes:~/files$ sudo apt-get install qemu
osboxes@osboxes:~/files$ qemu-img create -f qcow qemu-disk.img 128M
Formatting 'qemu-disk.img', fmt=qcow size=134217728 encryption=off 
osboxes@osboxes:~/files$ sudo dd if=1/boot bs=512 of=qemu-disk.img
1+0 records in
1+0 records out
512 bytes (512 B) copied, 0.112614 s, 4.5 kB/s
osboxes@osboxes:~/files$ sudo qemu-system-i386  -hda qemu-disk.img




osboxes@osboxes:~/files/2$ nasm -f bin boot.asm -o boot
osboxes@osboxes:~/files/2$ nasm -f bin kernel.asm -o kernel
osboxes@osboxes:~/files/2$ sudo dd if=boot bs=512 of=qemu-disk.img count=1
1+0 records in
1+0 records out
512 bytes (512 B) copied, 0.00318969 s, 161 kB/s
osboxes@osboxes:~/files/2$ sudo dd if=kernel bs=512 of=qemu-disk.img count=1 seek=1
1+0 records in
1+0 records out
512 bytes (512 B) copied, 0.0118845 s, 43.1 kB/s
osboxes@osboxes:~/files/2$ sudo qemu-system-i386  -hda qemu-disk.img
osboxes@osboxes:~/files/2$ sudo dd if=boot bs=512 of=/dev/fd0 count=1
1+0 records in
1+0 records out
512 bytes (512 B) copied, 0.0441966 s, 11.6 kB/s
osboxes@osboxes:~/files/2$ sudo dd if=kernel bs=512 of=/dev/fd0 count=1 seek=1
1+0 records in
1+0 records out
512 bytes (512 B) copied, 0.0232264 s, 22.0 kB/s



osboxes@osboxes:~/files/3$ nasm -f bin boot.asm -o boot
osboxes@osboxes:~/files/3$ nasm -f bin kernel.asm -o kernel
osboxes@osboxes:~/files/3$ qemu-img create -f qcow qemu-disk.img 128M
Formatting 'qemu-disk.img', fmt=qcow size=134217728 encryption=off 
osboxes@osboxes:~/files/3$ sudo dd if=boot bs=512 of=qemu-disk.img count=1
1+0 records in
1+0 records out
512 bytes (512 B) copied, 0.00433318 s, 118 kB/s
osboxes@osboxes:~/files/3$ sudo dd if=kernel bs=512 of=qemu-disk.img count=1 seek=1
1+0 records in
1+0 records out
512 bytes (512 B) copied, 0.0121594 s, 42.1 kB/s
osboxes@osboxes:~/files/3$ sudo qemu-system-i386  -hda qemu-disk.img



E:\всё\5 курс\Проектирование ОС и компонентов\отчеты\лаб 5, загрузчики\files\4>yasm-1.3.0-win64.exe -f bin HELLO1.asm -o HELLO1.bin

E:\всё\5 курс\Проектирование ОС и компонентов\отчеты\лаб 5, загрузчики\files\4>yasm-1.3.0-win64.exe -f bin HELLO2.asm -o HELLO2.bin

E:\всё\5 курс\Проектирование ОС и компонентов\отчеты\лаб 5, загрузчики\files\4>yasm-1.3.0-win64.exe -f bin multiboot.asm -o multiboot

E:\всё\5 курс\Проектирование ОС и компонентов\отчеты\лаб 5, загрузчики\files\4>yasm-1.3.0-win64.exe -f bin boot.asm -o boot
