michael@michael-LIFEBOOK-AH531:~$ cd Desktop/
ParallelSytem/  phone/          SP-10-semester/ testDBus/
michael@michael-LIFEBOOK-AH531:~$ cd Desktop/SP-10-semester/lab3-Driver/
michael@michael-LIFEBOOK-AH531:~/Desktop/SP-10-semester/lab3-Driver$ ls -l
total 40
-rw-rw-r-- 1 michael michael    8 апр 29 19:32 built-in.o
-rw-rw-r-- 1 michael michael  260 апр 29 17:56 Makefile
-rw-rw-r-- 1 michael michael   72 апр 29 19:32 modules.order
-rw-rw-r-- 1 michael michael    0 апр 29 19:32 Module.symvers
-rw-rw-r-- 1 michael michael 2192 апр 29 19:31 symbolDriver.c
-rw-rw-r-- 1 michael michael 7032 апр 29 19:32 symbolDriver.ko
-rw-rw-r-- 1 michael michael  988 апр 29 19:32 symbolDriver.mod.c
-rw-rw-r-- 1 michael michael 3144 апр 29 19:32 symbolDriver.mod.o
-rw-rw-r-- 1 michael michael 6112 апр 29 19:32 symbolDriver.o
michael@michael-LIFEBOOK-AH531:~/Desktop/SP-10-semester/lab3-Driver$ 
michael@michael-LIFEBOOK-AH531:~/Desktop/SP-10-semester/lab3-Driver$ 
michael@michael-LIFEBOOK-AH531:~/Desktop/SP-10-semester/lab3-Driver$ ls -l
total 40
-rw-rw-r-- 1 michael michael    8 апр 29 19:32 built-in.o
-rw-rw-r-- 1 michael michael  260 апр 29 17:56 Makefile
-rw-rw-r-- 1 michael michael   72 апр 29 19:32 modules.order
-rw-rw-r-- 1 michael michael    0 апр 29 19:32 Module.symvers
-rw-rw-r-- 1 michael michael 2192 апр 29 19:31 symbolDriver.c
-rw-rw-r-- 1 michael michael 7032 апр 29 19:32 symbolDriver.ko
-rw-rw-r-- 1 michael michael  988 апр 29 19:32 symbolDriver.mod.c
-rw-rw-r-- 1 michael michael 3144 апр 29 19:32 symbolDriver.mod.o
-rw-rw-r-- 1 michael michael 6112 апр 29 19:32 symbolDriver.o
(reverse-i-search)`ins': sudo apt ^Cstall libudev-dev 
(reverse-i-search)`': gcc -C /lib/modules/4.4.0-75-generic-build symbolDriver.^Cd.c -o tmp
michael@michael-LIFEBOOK-AH531:~/Desktop/SP-10-semester/lab3-Driver$ ^C
(reverse-i-search)`': sudo ^Cstall -Dm755 "./src/ofono.conf" "/etc/dbus-1/system.d/ofono.conf"
michael@michael-LIFEBOOK-AH531:~/Desktop/SP-10-semester/lab3-Driver$ ^C
michael@michael-LIFEBOOK-AH531:~/Desktop/SP-10-semester/lab3-Driver$ sudo insmod symbolDriver.ko
[sudo] password for michael: 
Sorry, try again.
[sudo] password for michael: 
(failed reverse-i-search)`dmesg | tail ': cd ^CemonOfButtonEvents/
michael@michael-LIFEBOOK-AH531:~/Desktop/SP-10-semester/lab3-Driver$ dmesg | tail 
[    4.284433] wlp1s0: associate with 28:c6:8e:b8:8f:5d (try 1/3)
[    4.287035] wlp1s0: RX AssocResp from 28:c6:8e:b8:8f:5d (capab=0x411 status=0 aid=2)
[    4.295596] wlp1s0: associated
[    4.295642] IPv6: ADDRCONF(NETDEV_CHANGE): wlp1s0: link becomes ready
[    5.134386] Bluetooth: RFCOMM TTY layer initialized
[    5.134397] Bluetooth: RFCOMM socket layer initialized
[    5.134404] Bluetooth: RFCOMM ver 1.11
[  269.424034] symbolDriver: module verification failed: signature and/or required key missing - tainting kernel
[  269.424886] Driver ”symbolDriver” is loaded!
[  269.424894] Major number: 244 0'.
michael@michael-LIFEBOOK-AH531:~/Desktop/SP-10-semester/lab3-Driver$ sudo mknod /dev/testDevice c 244 0
michael@michael-LIFEBOOK-AH531:~/Desktop/SP-10-semester/lab3-Driver$ ls -l /dev/testDevice 
crw-r--r-- 1 root root 244, 0 апр 29 20:17 /dev/testDevice
michael@michael-LIFEBOOK-AH531:~/Desktop/SP-10-semester/lab3-Driver$ at /dev/testDevice 
The program 'at' is currently not installed. You can install it by typing:
sudo apt install at
michael@michael-LIFEBOOK-AH531:~/Desktop/SP-10-semester/lab3-Driver$ sudo cat /dev/testDevice 
It`s symbolDriver
michael@michael-LIFEBOOK-AH531:~/Desktop/SP-10-semester/lab3-Driver$ echo Where is Bill? > /dev/testDevice 
bash: /dev/testDevice: Permission denied
michael@michael-LIFEBOOK-AH531:~/Desktop/SP-10-semester/lab3-Driver$ sudo echo Where is Bill? > /dev/testDevice 
bash: /dev/testDevice: Permission denied
michael@michael-LIFEBOOK-AH531:~/Desktop/SP-10-semester/lab3-Driver$ sudo chmod 777 /dev/testDevice 
michael@michael-LIFEBOOK-AH531:~/Desktop/SP-10-semester/lab3-Driver$ sudo echo Where is Bill? > /dev/testDevice 
michael@michael-LIFEBOOK-AH531:~/Desktop/SP-10-semester/lab3-Driver$ sudo cat /dev/testDevice 
Where is Bill?
er
michael@michael-LIFEBOOK-AH531:~/Desktop/SP-10-semester/lab3-Driver$ rmmod symbolDriver 
rmmod: ERROR: ../libkmod/libkmod-module.c:793 kmod_module_remove_module() could not remove 'symbolDriver': Operation not permitted
rmmod: ERROR: could not remove module symbolDriver: Operation not permitted
michael@michael-LIFEBOOK-AH531:~/Desktop/SP-10-semester/lab3-Driver$ sudo rmmod symbolDriver 
michael@michael-LIFEBOOK-AH531:~/Desktop/SP-10-semester/lab3-Driver$ dmesg | tail
[    4.287035] wlp1s0: RX AssocResp from 28:c6:8e:b8:8f:5d (capab=0x411 status=0 aid=2)
[    4.295596] wlp1s0: associated
[    4.295642] IPv6: ADDRCONF(NETDEV_CHANGE): wlp1s0: link becomes ready
[    5.134386] Bluetooth: RFCOMM TTY layer initialized
[    5.134397] Bluetooth: RFCOMM socket layer initialized
[    5.134404] Bluetooth: RFCOMM ver 1.11
[  269.424034] symbolDriver: module verification failed: signature and/or required key missing - tainting kernel
[  269.424886] Driver ”symbolDriver” is loaded!
[  269.424894] Major number: 244 0'.
[  671.020907]  Driver ”symbolDriver” is unloaded!
michael@michael-LIFEBOOK-AH531:~/Desktop/SP-10-semester/lab3-Driver$ rm -i /dev/testDevice 
rm: remove character special file '/dev/testDevice'? y
rm: cannot remove '/dev/testDevice': Permission denied
michael@michael-LIFEBOOK-AH531:~/Desktop/SP-10-semester/lab3-Driver$ sudo rm -i /dev/testDevice 
rm: remove character special file '/dev/testDevice'? y 
michael@michael-LIFEBOOK-AH531:~/Desktop/SP-10-semester/lab3-Driver$ make clean rm -rf *.o *~ core .depend .*.cmd *.ko *.mod.c .tmp_versions *.order *.symvers
michael@michael-LIFEBOOK-AH531:~/Desktop/SP-10-semester/lab3-Driver$ ls -l
total 8
-rw-rw-r-- 1 michael michael  260 апр 29 17:56 Makefile
-rw-rw-r-- 1 michael michael 2192 апр 29 19:31 symbolDriver.c
michael@michael-LIFEBOOK-AH531:~/Desktop/SP-10-semester/lab3-Driver$ 
michael@michael-LIFEBOOK-AH531:~/Desktop/SP-10-semester/lab3-Driver$ 
michael@michael-LIFEBOOK-AH531:~/Desktop/SP-10-semester/lab3-Driver$ make clean
rm -rf *.o *~ core .depend .*.cmd *.ko *.mod.c .tmp_versions *.order *.symvers
michael@michael-LIFEBOOK-AH531:~/Desktop/SP-10-semester/lab3-Driver$ cd clickDriver/
michael@michael-LIFEBOOK-AH531:~/Desktop/SP-10-semester/lab3-Driver/clickDriver$ make clean
michael@michael-LIFEBOOK-AH531:~/Desktop/SP-10-semester/lab3-Driver/clickDriver$ dmseg
No command 'dmseg' found, did you mean:
 Command 'dmesg' from package 'util-linux' (main)
 Command 'mmseg' from package 'sunpinyin-utils' (universe)
dmseg: command not found
michael@michael-LIFEBOOK-AH531:~/Desktop/SP-10-semester/lab3-Driver/clickDriver$ dmesg
[    0.000000] microcode: CPU0 microcode updated early to revision 0x29, date = 2013-06-12
[    0.000000] Initializing cgroup subsys cpuset
[    0.000000] Initializing cgroup subsys cpu
[    0.000000] Initializing cgroup subsys cpuacct
[    0.000000] Linux version 4.4.0-75-generic (buildd@lgw01-21) (gcc version 5.4.0 20160609 (Ubuntu 5.4.0-6ubuntu1~16.04.4) ) #96-Ubuntu SMP Thu Apr 20 09:56:33 UTC 2017 (Ubuntu 4.4.0-75.96-generic 4.4.59)
[    0.000000] Command line: BOOT_IMAGE=/boot/vmlinuz-4.4.0-75-generic root=UUID=98896abf-c4d3-447f-b332-8a932d09fa60 ro quiet splash vt.handoff=7
[    0.000000] KERNEL supported cpus:
[    0.000000]   Intel GenuineIntel
[    0.000000]   AMD AuthenticAMD
[    0.000000]   Centaur CentaurHauls
[    0.000000] Disabled fast string operations
[    0.000000] x86/fpu: xstate_offset[2]:  576, xstate_sizes[2]:  256
[    0.000000] x86/fpu: Supporting XSAVE feature 0x01: 'x87 floating point registers'
[    0.000000] x86/fpu: Supporting XSAVE feature 0x02: 'SSE registers'
[    0.000000] x86/fpu: Supporting XSAVE feature 0x04: 'AVX registers'
[    0.000000] x86/fpu: Enabled xstate features 0x7, context size is 832 bytes, using 'standard' format.
[    0.000000] x86/fpu: Using 'eager' FPU context switches.
[    0.000000] e820: BIOS-provided physical RAM map:
[    0.000000] BIOS-e820: [mem 0x0000000000000000-0x000000000009d7ff] usable
[    0.000000] BIOS-e820: [mem 0x000000000009d800-0x000000000009ffff] reserved
[    0.000000] BIOS-e820: [mem 0x00000000000e0000-0x00000000000fffff] reserved
[    0.000000] BIOS-e820: [mem 0x0000000000100000-0x00000000dab0efff] usable
[    0.000000] BIOS-e820: [mem 0x00000000dab0f000-0x00000000dad4efff] reserved
[    0.000000] BIOS-e820: [mem 0x00000000dad4f000-0x00000000dad6efff] ACPI NVS
[    0.000000] BIOS-e820: [mem 0x00000000dad6f000-0x00000000daf1efff] reserved
[    0.000000] BIOS-e820: [mem 0x00000000daf1f000-0x00000000daf9efff] ACPI NVS
[    0.000000] BIOS-e820: [mem 0x00000000daf9f000-0x00000000daffefff] ACPI data
[    0.000000] BIOS-e820: [mem 0x00000000dafff000-0x00000000daffffff] usable
[    0.000000] BIOS-e820: [mem 0x00000000db000000-0x00000000df9fffff] reserved
[    0.000000] BIOS-e820: [mem 0x00000000f8000000-0x00000000fbffffff] reserved
[    0.000000] BIOS-e820: [mem 0x00000000fec00000-0x00000000fec00fff] reserved
[    0.000000] BIOS-e820: [mem 0x00000000fed10000-0x00000000fed19fff] reserved
[    0.000000] BIOS-e820: [mem 0x00000000fed1c000-0x00000000fed1ffff] reserved
[    0.000000] BIOS-e820: [mem 0x00000000fee00000-0x00000000fee00fff] reserved
[    0.000000] BIOS-e820: [mem 0x00000000ffd80000-0x00000000ffffffff] reserved
[    0.000000] BIOS-e820: [mem 0x0000000100000000-0x000000021fdfffff] usable
[    0.000000] NX (Execute Disable) protection: active
[    0.000000] SMBIOS 2.6 present.
[    0.000000] DMI: FUJITSU LIFEBOOK AH531/FJNBB0F, BIOS 1.30 05/28/2012
[    0.000000] e820: update [mem 0x00000000-0x00000fff] usable ==> reserved
[    0.000000] e820: remove [mem 0x000a0000-0x000fffff] usable
[    0.000000] e820: last_pfn = 0x21fe00 max_arch_pfn = 0x400000000
[    0.000000] MTRR default type: uncachable
[    0.000000] MTRR fixed ranges enabled:
[    0.000000]   00000-9FFFF write-back
[    0.000000]   A0000-BFFFF uncachable
[    0.000000]   C0000-FFFFF write-protect
[    0.000000] MTRR variable ranges enabled:
[    0.000000]   0 base 0FFC00000 mask FFFC00000 write-protect
[    0.000000]   1 base 000000000 mask F80000000 write-back
[    0.000000]   2 base 080000000 mask FC0000000 write-back
[    0.000000]   3 base 0C0000000 mask FE0000000 write-back
[    0.000000]   4 base 0DC000000 mask FFC000000 uncachable
[    0.000000]   5 base 0DB000000 mask FFF000000 uncachable
[    0.000000]   6 base 100000000 mask F00000000 write-back
[    0.000000]   7 base 200000000 mask FE0000000 write-back
[    0.000000]   8 base 21FE00000 mask FFFE00000 uncachable
[    0.000000]   9 disabled
[    0.000000] x86/PAT: Configuration [0-7]: WB  WC  UC- UC  WB  WC  UC- WT  
[    0.000000] e820: last_pfn = 0xdb000 max_arch_pfn = 0x400000000
[    0.000000] Scanning 1 areas for low memory corruption
[    0.000000] Base memory trampoline at [ffff880000097000] 97000 size 24576
[    0.000000] reserving inaccessible SNB gfx pages
[    0.000000] BRK [0x0220b000, 0x0220bfff] PGTABLE
[    0.000000] BRK [0x0220c000, 0x0220cfff] PGTABLE
[    0.000000] BRK [0x0220d000, 0x0220dfff] PGTABLE
[    0.000000] BRK [0x0220e000, 0x0220efff] PGTABLE
[    0.000000] BRK [0x0220f000, 0x0220ffff] PGTABLE
[    0.000000] BRK [0x02210000, 0x02210fff] PGTABLE
[    0.000000] RAMDISK: [mem 0x337fc000-0x35bf5fff]
[    0.000000] ACPI: Early table checksum verification disabled
[    0.000000] ACPI: RSDP 0x00000000000F00E0 000024 (v02 FUJ   )
[    0.000000] ACPI: XSDT 0x00000000DAFFE120 00007C (v01 FUJ    PC       00000001 FUJ  00000001)
[    0.000000] ACPI: FACP 0x00000000DAFF1000 0000F4 (v03 FUJ    PC       00000001 PTL  00000001)
[    0.000000] ACPI: DSDT 0x00000000DAFF4000 00794A (v02 FUJ    FJNBB0F  00000000 INTL 20061109)
[    0.000000] ACPI: FACS 0x00000000DAF3D000 000040
[    0.000000] ACPI: FACS 0x00000000DAF3D000 000040
[    0.000000] ACPI: SSDT 0x00000000DAFFC000 001068 (v01 FUJ    PtidDevc 00001000 INTL 20061109)
[    0.000000] ACPI: ASF! 0x00000000DAFF3000 0000A5 (v32 FUJ    PC       00000001 PTL  00000001)
[    0.000000] ACPI: HPET 0x00000000DAFF0000 000038 (v01 FUJ    PC       00000001 PTL  00000001)
[    0.000000] ACPI: APIC 0x00000000DAFEF000 000098 (v01 FUJ    PC       00000001 PTL  00000001)
[    0.000000] ACPI: MCFG 0x00000000DAFEE000 00003C (v01 FUJ    PC       00000001 PTL  00000001)
[    0.000000] ACPI: SSDT 0x00000000DAFED000 0007C2 (v01 PmRef  Cpu0Ist  00003000 INTL 20061109)
[    0.000000] ACPI: SSDT 0x00000000DAFEC000 000996 (v01 PmRef  CpuPm    00003000 INTL 20061109)
[    0.000000] ACPI: UEFI 0x00000000DAFEB000 00003E (v01 FUJ    PC       00000001 PTL  00000001)
[    0.000000] ACPI: UEFI 0x00000000DAFEA000 000042 (v01 PTL    COMBUF   00000001 PTL  00000001)
[    0.000000] ACPI: UEFI 0x00000000DAFE9000 000242 (v01 FUJ    PC       00000001 PTL  00000001)
[    0.000000] ACPI: Local APIC address 0xfee00000
[    0.000000] No NUMA configuration found
[    0.000000] Faking a node at [mem 0x0000000000000000-0x000000021fdfffff]
[    0.000000] NODE_DATA(0) allocated [mem 0x21fdf4000-0x21fdf8fff]
[    0.000000] Zone ranges:
[    0.000000]   DMA      [mem 0x0000000000001000-0x0000000000ffffff]
[    0.000000]   DMA32    [mem 0x0000000001000000-0x00000000ffffffff]
[    0.000000]   Normal   [mem 0x0000000100000000-0x000000021fdfffff]
[    0.000000]   Device   empty
[    0.000000] Movable zone start for each node
[    0.000000] Early memory node ranges
[    0.000000]   node   0: [mem 0x0000000000001000-0x000000000009cfff]
[    0.000000]   node   0: [mem 0x0000000000100000-0x00000000dab0efff]
[    0.000000]   node   0: [mem 0x00000000dafff000-0x00000000daffffff]
[    0.000000]   node   0: [mem 0x0000000100000000-0x000000021fdfffff]
[    0.000000] Initmem setup node 0 [mem 0x0000000000001000-0x000000021fdfffff]
[    0.000000] On node 0 totalpages: 2074796
[    0.000000]   DMA zone: 64 pages used for memmap
[    0.000000]   DMA zone: 156 pages reserved
[    0.000000]   DMA zone: 3996 pages, LIFO batch:0
[    0.000000]   DMA32 zone: 13933 pages used for memmap
[    0.000000]   DMA32 zone: 891664 pages, LIFO batch:31
[    0.000000]   Normal zone: 18424 pages used for memmap
[    0.000000]   Normal zone: 1179136 pages, LIFO batch:31
[    0.000000] Reserving Intel graphics stolen memory at 0xdba00000-0xdf9fffff
[    0.000000] ACPI: PM-Timer IO Port: 0x408
[    0.000000] ACPI: Local APIC address 0xfee00000
[    0.000000] ACPI: LAPIC_NMI (acpi_id[0x00] high edge lint[0x1])
[    0.000000] ACPI: LAPIC_NMI (acpi_id[0x01] high edge lint[0x1])
[    0.000000] IOAPIC[0]: apic_id 14, version 32, address 0xfec00000, GSI 0-23
[    0.000000] ACPI: INT_SRC_OVR (bus 0 bus_irq 0 global_irq 2 dfl dfl)
[    0.000000] ACPI: INT_SRC_OVR (bus 0 bus_irq 9 global_irq 9 high level)
[    0.000000] ACPI: IRQ0 used by override.
[    0.000000] ACPI: IRQ9 used by override.
[    0.000000] Using ACPI (MADT) for SMP configuration information
[    0.000000] ACPI: HPET id: 0x8086a301 base: 0xfed00000
[    0.000000] smpboot: Allowing 8 CPUs, 4 hotplug CPUs
[    0.000000] PM: Registered nosave memory: [mem 0x00000000-0x00000fff]
[    0.000000] PM: Registered nosave memory: [mem 0x0009d000-0x0009dfff]
[    0.000000] PM: Registered nosave memory: [mem 0x0009e000-0x0009ffff]
[    0.000000] PM: Registered nosave memory: [mem 0x000a0000-0x000dffff]
[    0.000000] PM: Registered nosave memory: [mem 0x000e0000-0x000fffff]
[    0.000000] PM: Registered nosave memory: [mem 0xdab0f000-0xdad4efff]
[    0.000000] PM: Registered nosave memory: [mem 0xdad4f000-0xdad6efff]
[    0.000000] PM: Registered nosave memory: [mem 0xdad6f000-0xdaf1efff]
[    0.000000] PM: Registered nosave memory: [mem 0xdaf1f000-0xdaf9efff]
[    0.000000] PM: Registered nosave memory: [mem 0xdaf9f000-0xdaffefff]
[    0.000000] PM: Registered nosave memory: [mem 0xdb000000-0xdf9fffff]
[    0.000000] PM: Registered nosave memory: [mem 0xdfa00000-0xf7ffffff]
[    0.000000] PM: Registered nosave memory: [mem 0xf8000000-0xfbffffff]
[    0.000000] PM: Registered nosave memory: [mem 0xfc000000-0xfebfffff]
[    0.000000] PM: Registered nosave memory: [mem 0xfec00000-0xfec00fff]
[    0.000000] PM: Registered nosave memory: [mem 0xfec01000-0xfed0ffff]
[    0.000000] PM: Registered nosave memory: [mem 0xfed10000-0xfed19fff]
[    0.000000] PM: Registered nosave memory: [mem 0xfed1a000-0xfed1bfff]
[    0.000000] PM: Registered nosave memory: [mem 0xfed1c000-0xfed1ffff]
[    0.000000] PM: Registered nosave memory: [mem 0xfed20000-0xfedfffff]
[    0.000000] PM: Registered nosave memory: [mem 0xfee00000-0xfee00fff]
[    0.000000] PM: Registered nosave memory: [mem 0xfee01000-0xffd7ffff]
[    0.000000] PM: Registered nosave memory: [mem 0xffd80000-0xffffffff]
[    0.000000] e820: [mem 0xdfa00000-0xf7ffffff] available for PCI devices
[    0.000000] Booting paravirtualized kernel on bare hardware
[    0.000000] clocksource: refined-jiffies: mask: 0xffffffff max_cycles: 0xffffffff, max_idle_ns: 7645519600211568 ns
[    0.000000] setup_percpu: NR_CPUS:512 nr_cpumask_bits:512 nr_cpu_ids:8 nr_node_ids:1
[    0.000000] PERCPU: Embedded 33 pages/cpu @ffff88021fa00000 s98264 r8192 d28712 u262144
[    0.000000] pcpu-alloc: s98264 r8192 d28712 u262144 alloc=1*2097152
[    0.000000] pcpu-alloc: [0] 0 1 2 3 4 5 6 7 
[    0.000000] Built 1 zonelists in Node order, mobility grouping on.  Total pages: 2042219
[    0.000000] Policy zone: Normal
[    0.000000] Kernel command line: BOOT_IMAGE=/boot/vmlinuz-4.4.0-75-generic root=UUID=98896abf-c4d3-447f-b332-8a932d09fa60 ro quiet splash vt.handoff=7
[    0.000000] PID hash table entries: 4096 (order: 3, 32768 bytes)
[    0.000000] Calgary: detecting Calgary via BIOS EBDA area
[    0.000000] Calgary: Unable to locate Rio Grande table in EBDA - bailing!
[    0.000000] Memory: 8044720K/8299184K available (8449K kernel code, 1294K rwdata, 3980K rodata, 1484K init, 1316K bss, 254464K reserved, 0K cma-reserved)
[    0.000000] SLUB: HWalign=64, Order=0-3, MinObjects=0, CPUs=8, Nodes=1
[    0.000000] Hierarchical RCU implementation.
[    0.000000] 	Build-time adjustment of leaf fanout to 64.
[    0.000000] 	RCU restricting CPUs from NR_CPUS=512 to nr_cpu_ids=8.
[    0.000000] RCU: Adjusting geometry for rcu_fanout_leaf=64, nr_cpu_ids=8
[    0.000000] NR_IRQS:33024 nr_irqs:488 16
[    0.000000] vt handoff: transparent VT on vt#7
[    0.000000] Console: colour dummy device 80x25
[    0.000000] console [tty0] enabled
[    0.000000] clocksource: hpet: mask: 0xffffffff max_cycles: 0xffffffff, max_idle_ns: 133484882848 ns
[    0.000000] hpet clockevent registered
[    0.000000] tsc: Fast TSC calibration using PIT
[    0.000000] tsc: Detected 2494.618 MHz processor
[    0.000034] Calibrating delay loop (skipped), value calculated using timer frequency.. 4989.23 BogoMIPS (lpj=9978472)
[    0.000037] pid_max: default: 32768 minimum: 301
[    0.000043] ACPI: Core revision 20150930
[    0.006376] ACPI: 4 ACPI AML tables successfully acquired and loaded
[    0.006396] Security Framework initialized
[    0.006398] Yama: becoming mindful.
[    0.006414] AppArmor: AppArmor initialized
[    0.006905] Dentry cache hash table entries: 1048576 (order: 11, 8388608 bytes)
[    0.008494] Inode-cache hash table entries: 524288 (order: 10, 4194304 bytes)
[    0.009184] Mount-cache hash table entries: 16384 (order: 5, 131072 bytes)
[    0.009194] Mountpoint-cache hash table entries: 16384 (order: 5, 131072 bytes)
[    0.009411] Initializing cgroup subsys io
[    0.009414] Initializing cgroup subsys memory
[    0.009421] Initializing cgroup subsys devices
[    0.009423] Initializing cgroup subsys freezer
[    0.009425] Initializing cgroup subsys net_cls
[    0.009427] Initializing cgroup subsys perf_event
[    0.009429] Initializing cgroup subsys net_prio
[    0.009432] Initializing cgroup subsys hugetlb
[    0.009434] Initializing cgroup subsys pids
[    0.009453] Disabled fast string operations
[    0.009455] CPU: Physical Processor ID: 0
[    0.009456] CPU: Processor Core ID: 0
[    0.009461] ENERGY_PERF_BIAS: Set to 'normal', was 'performance'
[    0.009462] ENERGY_PERF_BIAS: View and update with x86_energy_perf_policy(8)
[    0.009464] mce: CPU supports 7 MCE banks
[    0.009475] CPU0: Thermal monitoring enabled (TM1)
[    0.009480] process: using mwait in idle threads
[    0.009483] Last level iTLB entries: 4KB 512, 2MB 8, 4MB 8
[    0.009484] Last level dTLB entries: 4KB 512, 2MB 32, 4MB 32, 1GB 0
[    0.009883] Freeing SMP alternatives memory: 32K (ffffffff820b8000 - ffffffff820c0000)
[    0.011954] ftrace: allocating 32117 entries in 126 pages
[    0.026584] smpboot: APIC(0) Converting physical 0 to logical package 0
[    0.026587] smpboot: Max logical packages: 4
[    0.026659] x2apic: IRQ remapping doesn't support X2APIC mode
[    0.027109] ..TIMER: vector=0x30 apic1=0 pin1=2 apic2=-1 pin2=-1
[    0.066797] TSC deadline timer enabled
[    0.066801] smpboot: CPU0: Intel(R) Core(TM) i5-2450M CPU @ 2.50GHz (family: 0x6, model: 0x2a, stepping: 0x7)
[    0.066820] Performance Events: PEBS fmt1+, 16-deep LBR, SandyBridge events, full-width counters, Intel PMU driver.
[    0.066840] ... version:                3
[    0.066841] ... bit width:              48
[    0.066841] ... generic registers:      4
[    0.066842] ... value mask:             0000ffffffffffff
[    0.066843] ... max period:             00007fffffffffff
[    0.066844] ... fixed-purpose events:   3
[    0.066845] ... event mask:             000000070000000f
[    0.067643] x86: Booting SMP configuration:
[    0.067644] .... node  #0, CPUs:      #1
[    0.067911] Disabled fast string operations
[    0.070110] NMI watchdog: enabled on all CPUs, permanently consumes one hw-PMU counter.
[    0.070198]  #2
[    0.070748] microcode: CPU2 microcode updated early to revision 0x29, date = 2013-06-12
[    0.070769] Disabled fast string operations
[    0.072920]  #3
[    0.073165] Disabled fast string operations
[    0.075228] x86: Booted up 1 node, 4 CPUs
[    0.075232] smpboot: Total of 4 processors activated (19956.94 BogoMIPS)
[    0.078381] devtmpfs: initialized
[    0.081003] evm: security.selinux
[    0.081004] evm: security.SMACK64
[    0.081005] evm: security.SMACK64EXEC
[    0.081006] evm: security.SMACK64TRANSMUTE
[    0.081006] evm: security.SMACK64MMAP
[    0.081007] evm: security.ima
[    0.081008] evm: security.capability
[    0.081074] PM: Registering ACPI NVS region [mem 0xdad4f000-0xdad6efff] (131072 bytes)
[    0.081077] PM: Registering ACPI NVS region [mem 0xdaf1f000-0xdaf9efff] (524288 bytes)
[    0.081160] clocksource: jiffies: mask: 0xffffffff max_cycles: 0xffffffff, max_idle_ns: 7645041785100000 ns
[    0.081176] futex hash table entries: 2048 (order: 5, 131072 bytes)
[    0.081268] pinctrl core: initialized pinctrl subsystem
[    0.081379] RTC time: 20:13:19, date: 04/29/17
[    0.081487] NET: Registered protocol family 16
[    0.091238] cpuidle: using governor ladder
[    0.107248] cpuidle: using governor menu
[    0.107255] PCCT header not found.
[    0.107379] ACPI: bus type PCI registered
[    0.107381] acpiphp: ACPI Hot Plug PCI Controller Driver version: 0.5
[    0.107455] PCI: MMCONFIG for domain 0000 [bus 00-3f] at [mem 0xf8000000-0xfbffffff] (base 0xf8000000)
[    0.107458] PCI: MMCONFIG at [mem 0xf8000000-0xfbffffff] reserved in E820
[    0.107463] PCI: Using configuration type 1 for base access
[    0.107501] core: PMU erratum BJ122, BV98, HSD29 worked around, HT is on
[    0.107713] mtrr: your CPUs had inconsistent variable MTRR settings
[    0.107714] mtrr: probably your BIOS does not setup all CPUs.
[    0.107715] mtrr: corrected configuration.
[    0.123660] ACPI: Added _OSI(Module Device)
[    0.123662] ACPI: Added _OSI(Processor Device)
[    0.123663] ACPI: Added _OSI(3.0 _SCP Extensions)
[    0.123664] ACPI: Added _OSI(Processor Aggregator Device)
[    0.125997] ACPI: Executed 1 blocks of module-level executable AML code
[    0.127812] [Firmware Bug]: ACPI: BIOS _OSI(Linux) query ignored
[    0.128164] ACPI: Dynamic OEM Table Load:
[    0.128170] ACPI: SSDT 0xFFFF880215D92000 00067C (v01 PmRef  Cpu0Cst  00003001 INTL 20061109)
[    0.128643] ACPI: Dynamic OEM Table Load:
[    0.128648] ACPI: SSDT 0xFFFF880215DCAC00 000303 (v01 PmRef  ApIst    00003000 INTL 20061109)
[    0.129048] ACPI: Dynamic OEM Table Load:
[    0.129052] ACPI: SSDT 0xFFFF880215D9BA00 000119 (v01 PmRef  ApCst    00003000 INTL 20061109)
[    0.129774] ACPI : EC: EC started
[    0.129897] ACPI: Interpreter enabled
[    0.129914] ACPI: (supports S0 S3 S4 S5)
[    0.129915] ACPI: Using IOAPIC for interrupt routing
[    0.129938] PCI: Using host bridge windows from ACPI; if necessary, use "pci=nocrs" and report a bug
[    0.134426] ACPI: PCI Root Bridge [PCI0] (domain 0000 [bus 00-3e])
[    0.134432] acpi PNP0A08:00: _OSC: OS supports [ExtendedConfig ASPM ClockPM Segments MSI]
[    0.134462] \_SB_.PCI0:_OSC invalid UUID
[    0.134462] _OSC request data:1 1f 0 
[    0.134466] acpi PNP0A08:00: _OSC failed (AE_ERROR); disabling ASPM
[    0.134861] PCI host bridge to bus 0000:00
[    0.134864] pci_bus 0000:00: root bus resource [io  0x0000-0x0cf7 window]
[    0.134865] pci_bus 0000:00: root bus resource [io  0x0d00-0xffff window]
[    0.134867] pci_bus 0000:00: root bus resource [mem 0x000a0000-0x000bffff window]
[    0.134868] pci_bus 0000:00: root bus resource [mem 0xdfa00000-0xfeafffff window]
[    0.134870] pci_bus 0000:00: root bus resource [mem 0xfed40000-0xfed44fff window]
[    0.134872] pci_bus 0000:00: root bus resource [bus 00-3e]
[    0.134879] pci 0000:00:00.0: [8086:0104] type 00 class 0x060000
[    0.134963] pci 0000:00:02.0: [8086:0126] type 00 class 0x030000
[    0.134975] pci 0000:00:02.0: reg 0x10: [mem 0xf0000000-0xf03fffff 64bit]
[    0.134981] pci 0000:00:02.0: reg 0x18: [mem 0xe0000000-0xefffffff 64bit pref]
[    0.134985] pci 0000:00:02.0: reg 0x20: [io  0x4000-0x403f]
[    0.135082] pci 0000:00:16.0: [8086:1c3a] type 00 class 0x078000
[    0.135114] pci 0000:00:16.0: reg 0x10: [mem 0xf1605000-0xf160500f 64bit]
[    0.135178] pci 0000:00:16.0: PME# supported from D0 D3hot D3cold
[    0.135258] pci 0000:00:1a.0: [8086:1c2d] type 00 class 0x0c0320
[    0.135291] pci 0000:00:1a.0: reg 0x10: [mem 0xf160a000-0xf160a3ff]
[    0.135365] pci 0000:00:1a.0: PME# supported from D0 D3hot D3cold
[    0.135416] pci 0000:00:1a.0: System wakeup disabled by ACPI
[    0.135459] pci 0000:00:1b.0: [8086:1c20] type 00 class 0x040300
[    0.135485] pci 0000:00:1b.0: reg 0x10: [mem 0xf1600000-0xf1603fff 64bit]
[    0.135549] pci 0000:00:1b.0: PME# supported from D0 D3hot D3cold
[    0.135629] pci 0000:00:1c.0: [8086:1c10] type 01 class 0x060400
[    0.135755] pci 0000:00:1c.0: PME# supported from D0 D3hot D3cold
[    0.135846] pci 0000:00:1c.3: [8086:1c16] type 01 class 0x060400
[    0.135972] pci 0000:00:1c.3: PME# supported from D0 D3hot D3cold
[    0.136020] pci 0000:00:1c.3: System wakeup disabled by ACPI
[    0.136060] pci 0000:00:1c.5: [8086:1c1a] type 01 class 0x060400
[    0.136135] pci 0000:00:1c.5: PME# supported from D0 D3hot D3cold
[    0.136174] pci 0000:00:1c.5: System wakeup disabled by ACPI
[    0.136215] pci 0000:00:1d.0: [8086:1c26] type 00 class 0x0c0320
[    0.136244] pci 0000:00:1d.0: reg 0x10: [mem 0xf1609000-0xf16093ff]
[    0.136318] pci 0000:00:1d.0: PME# supported from D0 D3hot D3cold
[    0.136365] pci 0000:00:1d.0: System wakeup disabled by ACPI
[    0.136405] pci 0000:00:1f.0: [8086:1c49] type 00 class 0x060100
[    0.136573] pci 0000:00:1f.2: [8086:1c03] type 00 class 0x010601
[    0.136598] pci 0000:00:1f.2: reg 0x10: [io  0x4088-0x408f]
[    0.136606] pci 0000:00:1f.2: reg 0x14: [io  0x4094-0x4097]
[    0.136614] pci 0000:00:1f.2: reg 0x18: [io  0x4080-0x4087]
[    0.136622] pci 0000:00:1f.2: reg 0x1c: [io  0x4090-0x4093]
[    0.136629] pci 0000:00:1f.2: reg 0x20: [io  0x4060-0x407f]
[    0.136637] pci 0000:00:1f.2: reg 0x24: [mem 0xf1608000-0xf16087ff]
[    0.136670] pci 0000:00:1f.2: PME# supported from D3hot
[    0.136737] pci 0000:00:1f.3: [8086:1c22] type 00 class 0x0c0500
[    0.136755] pci 0000:00:1f.3: reg 0x10: [mem 0xf1604000-0xf16040ff 64bit]
[    0.136775] pci 0000:00:1f.3: reg 0x20: [io  0xefa0-0xefbf]
[    0.137067] pci 0000:01:00.0: [8086:008a] type 00 class 0x028000
[    0.137345] pci 0000:01:00.0: reg 0x10: [mem 0xf1500000-0xf1501fff 64bit]
[    0.137956] pci 0000:01:00.0: PME# supported from D0 D3hot D3cold
[    0.138107] pci 0000:01:00.0: System wakeup disabled by ACPI
[    0.143420] pci 0000:00:1c.0: PCI bridge to [bus 01]
[    0.143430] pci 0000:00:1c.0:   bridge window [mem 0xf1500000-0xf15fffff]
[    0.143509] pci 0000:00:1c.3: PCI bridge to [bus 02-06]
[    0.143514] pci 0000:00:1c.3:   bridge window [io  0x3000-0x3fff]
[    0.143519] pci 0000:00:1c.3:   bridge window [mem 0xf0d00000-0xf14fffff]
[    0.143528] pci 0000:00:1c.3:   bridge window [mem 0xf0400000-0xf0bfffff 64bit pref]
[    0.143600] pci 0000:07:00.0: [10ec:8168] type 00 class 0x020000
[    0.143649] pci 0000:07:00.0: reg 0x10: [io  0x2000-0x20ff]
[    0.143683] pci 0000:07:00.0: reg 0x18: [mem 0xf0c04000-0xf0c04fff 64bit pref]
[    0.143705] pci 0000:07:00.0: reg 0x20: [mem 0xf0c00000-0xf0c03fff 64bit pref]
[    0.143791] pci 0000:07:00.0: supports D1 D2
[    0.143793] pci 0000:07:00.0: PME# supported from D0 D1 D2 D3hot D3cold
[    0.143845] pci 0000:07:00.0: System wakeup disabled by ACPI
[    0.151318] pci 0000:00:1c.5: PCI bridge to [bus 07]
[    0.151328] pci 0000:00:1c.5:   bridge window [io  0x2000-0x2fff]
[    0.151346] pci 0000:00:1c.5:   bridge window [mem 0xf0c00000-0xf0cfffff 64bit pref]
[    0.151744] ACPI: PCI Interrupt Link [LNKA] (IRQs 1 3 4 5 6 10 *11 12 14 15)
[    0.151793] ACPI: PCI Interrupt Link [LNKB] (IRQs 1 3 4 5 6 10 *11 12 14 15)
[    0.151839] ACPI: PCI Interrupt Link [LNKC] (IRQs 1 3 4 5 6 *10 11 12 14 15)
[    0.151884] ACPI: PCI Interrupt Link [LNKD] (IRQs 1 3 4 5 6 10 *11 12 14 15)
[    0.151930] ACPI: PCI Interrupt Link [LNKE] (IRQs 1 3 4 5 6 10 11 12 14 15) *0, disabled.
[    0.151975] ACPI: PCI Interrupt Link [LNKF] (IRQs 1 3 4 5 6 10 11 12 14 15) *0, disabled.
[    0.152021] ACPI: PCI Interrupt Link [LNKG] (IRQs 1 3 4 5 6 *10 11 12 14 15)
[    0.152067] ACPI: PCI Interrupt Link [LNKH] (IRQs 1 3 4 5 6 *10 11 12 14 15)
[    0.152240] ACPI: Enabled 6 GPEs in block 00 to 3F
[    0.152289] ACPI : EC: GPE = 0x17, I/O: command/status = 0x66, data = 0x62
[    0.152397] vgaarb: setting as boot device: PCI:0000:00:02.0
[    0.152399] vgaarb: device added: PCI:0000:00:02.0,decodes=io+mem,owns=io+mem,locks=none
[    0.152401] vgaarb: loaded
[    0.152402] vgaarb: bridge control possible 0000:00:02.0
[    0.152621] SCSI subsystem initialized
[    0.152664] libata version 3.00 loaded.
[    0.152686] ACPI: bus type USB registered
[    0.152704] usbcore: registered new interface driver usbfs
[    0.152712] usbcore: registered new interface driver hub
[    0.152729] usbcore: registered new device driver usb
[    0.152862] PCI: Using ACPI for IRQ routing
[    0.154490] PCI: pci_cache_line_size set to 64 bytes
[    0.154582] e820: reserve RAM buffer [mem 0x0009d800-0x0009ffff]
[    0.154584] e820: reserve RAM buffer [mem 0xdab0f000-0xdbffffff]
[    0.154585] e820: reserve RAM buffer [mem 0xdb000000-0xdbffffff]
[    0.154587] e820: reserve RAM buffer [mem 0x21fe00000-0x21fffffff]
[    0.154707] NetLabel: Initializing
[    0.154708] NetLabel:  domain hash size = 128
[    0.154709] NetLabel:  protocols = UNLABELED CIPSOv4
[    0.154720] NetLabel:  unlabeled traffic allowed by default
[    0.154797] hpet0: at MMIO 0xfed00000, IRQs 2, 8, 0, 0, 0, 0, 0, 0
[    0.154802] hpet0: 8 comparators, 64-bit 14.318180 MHz counter
[    0.156818] amd_nb: Cannot enumerate AMD northbridges
[    0.156834] clocksource: Switched to clocksource hpet
[    0.162390] AppArmor: AppArmor Filesystem Enabled
[    0.162462] pnp: PnP ACPI init
[    0.162593] system 00:00: [io  0x0680-0x069f] has been reserved
[    0.162595] system 00:00: [io  0x1000-0x100f] has been reserved
[    0.162597] system 00:00: [io  0xffff] has been reserved
[    0.162598] system 00:00: [io  0xffff] has been reserved
[    0.162600] system 00:00: [io  0x0400-0x0453] could not be reserved
[    0.162602] system 00:00: [io  0x0458-0x047f] has been reserved
[    0.162603] system 00:00: [io  0x0500-0x057f] has been reserved
[    0.162605] system 00:00: [io  0x164e-0x164f] has been reserved
[    0.162609] system 00:00: Plug and Play ACPI device, IDs PNP0c02 (active)
[    0.162636] pnp 00:01: Plug and Play ACPI device, IDs PNP0b00 (active)
[    0.162683] system 00:02: [io  0x0454-0x0457] has been reserved
[    0.162686] system 00:02: Plug and Play ACPI device, IDs INT3f0d PNP0c02 (active)
[    0.162711] pnp 00:03: Plug and Play ACPI device, IDs PNP0303 (active)
[    0.162733] pnp 00:04: Plug and Play ACPI device, IDs PNP0f13 (active)
[    0.162859] system 00:05: [mem 0xfed1c000-0xfed1ffff] has been reserved
[    0.162861] system 00:05: [mem 0xfed10000-0xfed17fff] has been reserved
[    0.162863] system 00:05: [mem 0xfed18000-0xfed18fff] has been reserved
[    0.162864] system 00:05: [mem 0xfed19000-0xfed19fff] has been reserved
[    0.162866] system 00:05: [mem 0xf8000000-0xfbffffff] has been reserved
[    0.162868] system 00:05: [mem 0xfed20000-0xfed3ffff] has been reserved
[    0.162869] system 00:05: [mem 0xfed90000-0xfed93fff] has been reserved
[    0.162871] system 00:05: [mem 0xfed45000-0xfed8ffff] has been reserved
[    0.162872] system 00:05: [mem 0xff000000-0xffffffff] could not be reserved
[    0.162874] system 00:05: [mem 0xfee00000-0xfeefffff] could not be reserved
[    0.162876] system 00:05: Plug and Play ACPI device, IDs PNP0c02 (active)
[    0.163048] system 00:06: [mem 0x20000000-0x201fffff] could not be reserved
[    0.163050] system 00:06: [mem 0x40000000-0x401fffff] could not be reserved
[    0.163052] system 00:06: Plug and Play ACPI device, IDs PNP0c01 (active)
[    0.163086] pnp: PnP ACPI: found 7 devices
[    0.169608] clocksource: acpi_pm: mask: 0xffffff max_cycles: 0xffffff, max_idle_ns: 2085701024 ns
[    0.169648] pci 0000:00:1c.0: PCI bridge to [bus 01]
[    0.169656] pci 0000:00:1c.0:   bridge window [mem 0xf1500000-0xf15fffff]
[    0.169668] pci 0000:00:1c.3: PCI bridge to [bus 02-06]
[    0.169671] pci 0000:00:1c.3:   bridge window [io  0x3000-0x3fff]
[    0.169678] pci 0000:00:1c.3:   bridge window [mem 0xf0d00000-0xf14fffff]
[    0.169683] pci 0000:00:1c.3:   bridge window [mem 0xf0400000-0xf0bfffff 64bit pref]
[    0.169691] pci 0000:00:1c.5: PCI bridge to [bus 07]
[    0.169694] pci 0000:00:1c.5:   bridge window [io  0x2000-0x2fff]
[    0.169702] pci 0000:00:1c.5:   bridge window [mem 0xf0c00000-0xf0cfffff 64bit pref]
[    0.169709] pci_bus 0000:00: resource 4 [io  0x0000-0x0cf7 window]
[    0.169711] pci_bus 0000:00: resource 5 [io  0x0d00-0xffff window]
[    0.169712] pci_bus 0000:00: resource 6 [mem 0x000a0000-0x000bffff window]
[    0.169714] pci_bus 0000:00: resource 7 [mem 0xdfa00000-0xfeafffff window]
[    0.169715] pci_bus 0000:00: resource 8 [mem 0xfed40000-0xfed44fff window]
[    0.169717] pci_bus 0000:01: resource 1 [mem 0xf1500000-0xf15fffff]
[    0.169718] pci_bus 0000:02: resource 0 [io  0x3000-0x3fff]
[    0.169720] pci_bus 0000:02: resource 1 [mem 0xf0d00000-0xf14fffff]
[    0.169721] pci_bus 0000:02: resource 2 [mem 0xf0400000-0xf0bfffff 64bit pref]
[    0.169723] pci_bus 0000:07: resource 0 [io  0x2000-0x2fff]
[    0.169724] pci_bus 0000:07: resource 2 [mem 0xf0c00000-0xf0cfffff 64bit pref]
[    0.169757] NET: Registered protocol family 2
[    0.169929] TCP established hash table entries: 65536 (order: 7, 524288 bytes)
[    0.170060] TCP bind hash table entries: 65536 (order: 8, 1048576 bytes)
[    0.170188] TCP: Hash tables configured (established 65536 bind 65536)
[    0.170220] UDP hash table entries: 4096 (order: 5, 131072 bytes)
[    0.170247] UDP-Lite hash table entries: 4096 (order: 5, 131072 bytes)
[    0.170313] NET: Registered protocol family 1
[    0.170331] pci 0000:00:02.0: Video device with shadowed ROM
[    0.170662] PCI: CLS 64 bytes, default 64
[    0.170712] Unpacking initramfs...
[    0.735997] Freeing initrd memory: 36840K (ffff8800337fc000 - ffff880035bf6000)
[    0.736030] PCI-DMA: Using software bounce buffering for IO (SWIOTLB)
[    0.736033] software IO TLB [mem 0xd6b0f000-0xdab0f000] (64MB) mapped at [ffff8800d6b0f000-ffff8800dab0efff]
[    0.736106] RAPL PMU detected, API unit is 2^-32 Joules, 3 fixed counters 163840 ms ovfl timer
[    0.736107] hw unit of domain pp0-core 2^-16 Joules
[    0.736108] hw unit of domain package 2^-16 Joules
[    0.736109] hw unit of domain pp1-gpu 2^-16 Joules
[    0.736199] Scanning for low memory corruption every 60 seconds
[    0.736630] audit: initializing netlink subsys (disabled)
[    0.736649] audit: type=2000 audit(1493496799.732:1): initialized
[    0.737029] Initialise system trusted keyring
[    0.737143] HugeTLB registered 2 MB page size, pre-allocated 0 pages
[    0.738628] zbud: loaded
[    0.738828] VFS: Disk quotas dquot_6.6.0
[    0.738862] VFS: Dquot-cache hash table entries: 512 (order 0, 4096 bytes)
[    0.739125] squashfs: version 4.0 (2009/01/31) Phillip Lougher
[    0.739373] fuse init (API version 7.23)
[    0.739505] Key type big_key registered
[    0.739519] Allocating IMA MOK and blacklist keyrings.
[    0.739918] Key type asymmetric registered
[    0.739922] Asymmetric key parser 'x509' registered
[    0.739959] Block layer SCSI generic (bsg) driver version 0.4 loaded (major 249)
[    0.739988] io scheduler noop registered
[    0.739991] io scheduler deadline registered (default)
[    0.740021] io scheduler cfq registered
[    0.740497] pci_hotplug: PCI Hot Plug PCI Core version: 0.5
[    0.740504] pciehp: PCI Express Hot Plug Controller Driver version: 0.4
[    0.740533] vesafb: mode is 1024x768x32, linelength=4096, pages=0
[    0.740534] vesafb: scrolling: redraw
[    0.740535] vesafb: Truecolor: size=8:8:8:8, shift=24:16:8:0
[    0.740548] vesafb: framebuffer at 0xe0000000, mapped to 0xffffc90001000000, using 3072k, total 3072k
[    0.740634] Console: switching to colour frame buffer device 128x48
[    0.740648] fb0: VESA VGA frame buffer device
[    0.740665] intel_idle: MWAIT substates: 0x21120
[    0.740666] intel_idle: v0.4.1 model 0x2A
[    0.740667] intel_idle: lapic_timer_reliable_states 0xffffffff
[    0.740932] ACPI: AC Adapter [ACAD] (on-line)
[    0.740988] input: Power Button as /devices/LNXSYSTM:00/LNXSYBUS:00/PNP0C0C:00/input/input0
[    0.740992] ACPI: Power Button [PWRB]
[    0.741027] input: Lid Switch as /devices/LNXSYSTM:00/LNXSYBUS:00/PNP0C0D:00/input/input1
[    0.741045] ACPI: Lid Switch [LID]
[    0.741081] input: Power Button as /devices/LNXSYSTM:00/LNXPWRBN:00/input/input2
[    0.741083] ACPI: Power Button [PWRF]
[    0.741533] thermal LNXTHERM:00: registered as thermal_zone0
[    0.741534] ACPI: Thermal Zone [THRM] (52 C)
[    0.741568] GHES: HEST is not enabled!
[    0.741669] Serial: 8250/16550 driver, 32 ports, IRQ sharing enabled
[    0.742130] ACPI: Battery Slot [BAT1] (battery present)
[    0.743173] Linux agpgart interface v0.103
[    0.744853] loop: module loaded
[    0.745049] libphy: Fixed MDIO Bus: probed
[    0.745052] tun: Universal TUN/TAP device driver, 1.6
[    0.745053] tun: (C) 1999-2004 Max Krasnyansky <maxk@qualcomm.com>
[    0.745095] PPP generic driver version 2.4.2
[    0.745155] ehci_hcd: USB 2.0 'Enhanced' Host Controller (EHCI) Driver
[    0.745164] ehci-pci: EHCI PCI platform driver
[    0.745268] ehci-pci 0000:00:1a.0: EHCI Host Controller
[    0.745274] ehci-pci 0000:00:1a.0: new USB bus registered, assigned bus number 1
[    0.745286] ehci-pci 0000:00:1a.0: debug port 2
[    0.749185] ehci-pci 0000:00:1a.0: cache line size of 64 is not supported
[    0.749198] ehci-pci 0000:00:1a.0: irq 16, io mem 0xf160a000
[    0.760836] ehci-pci 0000:00:1a.0: USB 2.0 started, EHCI 1.00
[    0.760922] usb usb1: New USB device found, idVendor=1d6b, idProduct=0002
[    0.760924] usb usb1: New USB device strings: Mfr=3, Product=2, SerialNumber=1
[    0.760926] usb usb1: Product: EHCI Host Controller
[    0.760927] usb usb1: Manufacturer: Linux 4.4.0-75-generic ehci_hcd
[    0.760928] usb usb1: SerialNumber: 0000:00:1a.0
[    0.761053] hub 1-0:1.0: USB hub found
[    0.761058] hub 1-0:1.0: 2 ports detected
[    0.761233] ehci-pci 0000:00:1d.0: EHCI Host Controller
[    0.761238] ehci-pci 0000:00:1d.0: new USB bus registered, assigned bus number 2
[    0.761249] ehci-pci 0000:00:1d.0: debug port 2
[    0.765145] ehci-pci 0000:00:1d.0: cache line size of 64 is not supported
[    0.765155] ehci-pci 0000:00:1d.0: irq 23, io mem 0xf1609000
[    0.776838] ehci-pci 0000:00:1d.0: USB 2.0 started, EHCI 1.00
[    0.776905] usb usb2: New USB device found, idVendor=1d6b, idProduct=0002
[    0.776907] usb usb2: New USB device strings: Mfr=3, Product=2, SerialNumber=1
[    0.776909] usb usb2: Product: EHCI Host Controller
[    0.776910] usb usb2: Manufacturer: Linux 4.4.0-75-generic ehci_hcd
[    0.776911] usb usb2: SerialNumber: 0000:00:1d.0
[    0.777026] hub 2-0:1.0: USB hub found
[    0.777031] hub 2-0:1.0: 2 ports detected
[    0.777120] ehci-platform: EHCI generic platform driver
[    0.777133] ohci_hcd: USB 1.1 'Open' Host Controller (OHCI) Driver
[    0.777138] ohci-pci: OHCI PCI platform driver
[    0.777148] ohci-platform: OHCI generic platform driver
[    0.777156] uhci_hcd: USB Universal Host Controller Interface driver
[    0.777215] i8042: PNP: PS/2 Controller [PNP0303:PS2K,PNP0f13:PS2M] at 0x60,0x64 irq 1,12
[    0.782883] i8042: Detected active multiplexing controller, rev 1.1
[    0.785708] serio: i8042 KBD port at 0x60,0x64 irq 1
[    0.785712] serio: i8042 AUX0 port at 0x60,0x64 irq 12
[    0.785743] serio: i8042 AUX1 port at 0x60,0x64 irq 12
[    0.785768] serio: i8042 AUX2 port at 0x60,0x64 irq 12
[    0.785792] serio: i8042 AUX3 port at 0x60,0x64 irq 12
[    0.785924] mousedev: PS/2 mouse device common for all mice
[    0.786122] rtc_cmos 00:01: RTC can wake from S4
[    0.786253] rtc_cmos 00:01: rtc core: registered rtc_cmos as rtc0
[    0.786280] rtc_cmos 00:01: alarms up to one month, y3k, 242 bytes nvram, hpet irqs
[    0.786288] i2c /dev entries driver
[    0.786341] device-mapper: uevent: version 1.0.3
[    0.786411] device-mapper: ioctl: 4.34.0-ioctl (2015-10-28) initialised: dm-devel@redhat.com
[    0.786434] Intel P-state driver initializing.
[    0.786746] ledtrig-cpu: registered to indicate activity on CPUs
[    0.787784] NET: Registered protocol family 10
[    0.788294] NET: Registered protocol family 17
[    0.788332] Key type dns_resolver registered
[    0.788963] microcode: CPU0 sig=0x206a7, pf=0x10, revision=0x29
[    0.788988] microcode: CPU1 sig=0x206a7, pf=0x10, revision=0x29
[    0.789003] microcode: CPU2 sig=0x206a7, pf=0x10, revision=0x29
[    0.789025] microcode: CPU3 sig=0x206a7, pf=0x10, revision=0x29
[    0.789242] microcode: Microcode Update Driver: v2.01 <tigran@aivazian.fsnet.co.uk>, Peter Oruba
[    0.790041] registered taskstats version 1
[    0.790089] Loading compiled-in X.509 certificates
[    0.792916] Loaded X.509 cert 'Build time autogenerated kernel key: c2fea74804032151001b764dbf9eab8df960fa59'
[    0.792936] zswap: loaded using pool lzo/zbud
[    0.795163] Key type trusted registered
[    0.799813] Key type encrypted registered
[    0.799820] AppArmor: AppArmor sha1 policy hashing enabled
[    0.799823] ima: No TPM chip found, activating TPM-bypass!
[    0.799841] evm: HMAC attrs: 0x1
[    0.800110]   Magic number: 13:457:246
[    0.800201] rtc_cmos 00:01: setting system clock to 2017-04-29 20:13:20 UTC (1493496800)
[    0.800259] BIOS EDD facility v0.16 2004-Jun-25, 0 devices found
[    0.800260] EDD information not available.
[    0.800324] PM: Hibernation image not present or could not be loaded.
[    0.801513] Freeing unused kernel memory: 1484K (ffffffff81f45000 - ffffffff820b8000)
[    0.801515] Write protecting the kernel read-only data: 14336k
[    0.802044] Freeing unused kernel memory: 1780K (ffff880001843000 - ffff880001a00000)
[    0.802332] Freeing unused kernel memory: 116K (ffff880001de3000 - ffff880001e00000)
[    0.810822] random: systemd-udevd: uninitialized urandom read (16 bytes read, 1 bits of entropy available)
[    0.810871] input: AT Translated Set 2 keyboard as /devices/platform/i8042/serio0/input/input3
[    0.810920] random: systemd-udevd: uninitialized urandom read (16 bytes read, 1 bits of entropy available)
[    0.810939] random: systemd-udevd: uninitialized urandom read (16 bytes read, 1 bits of entropy available)
[    0.811261] random: udevadm: uninitialized urandom read (16 bytes read, 1 bits of entropy available)
[    0.811301] random: udevadm: uninitialized urandom read (16 bytes read, 1 bits of entropy available)
[    0.811422] random: systemd-udevd: uninitialized urandom read (16 bytes read, 1 bits of entropy available)
[    0.811433] random: systemd-udevd: uninitialized urandom read (16 bytes read, 1 bits of entropy available)
[    0.811457] random: systemd-udevd: uninitialized urandom read (16 bytes read, 1 bits of entropy available)
[    0.811464] random: systemd-udevd: uninitialized urandom read (16 bytes read, 1 bits of entropy available)
[    0.811473] random: systemd-udevd: uninitialized urandom read (16 bytes read, 1 bits of entropy available)
[    0.831480] FUJITSU Extended Socket Network Device Driver - version 1.0 - Copyright (c) 2015 FUJITSU LIMITED
[    0.846374] [drm] Initialized drm 1.1.0 20060810
[    0.846603] r8169 Gigabit Ethernet driver 2.3LK-NAPI loaded
[    0.846613] r8169 0000:07:00.0: can't disable ASPM; OS doesn't have ASPM control
[    0.847052] r8169 0000:07:00.0 eth0: RTL8168e/8111e at 0xffffc90000e96000, 5c:9a:d8:60:a5:bb, XID 0c200000 IRQ 24
[    0.847055] r8169 0000:07:00.0 eth0: jumbo features [frames: 9200 bytes, tx checksumming: ko]
[    0.848447] ahci 0000:00:1f.2: version 3.0
[    0.860796] ahci 0000:00:1f.2: AHCI 0001.0300 32 slots 6 ports 6 Gbps 0x9 impl SATA mode
[    0.860802] ahci 0000:00:1f.2: flags: 64bit ncq sntf pm led clo pio slum part ems apst 
[    0.869255] scsi host0: ahci
[    0.869352] scsi host1: ahci
[    0.872050] scsi host2: ahci
[    0.872167] scsi host3: ahci
[    0.872273] scsi host4: ahci
[    0.872377] scsi host5: ahci
[    0.872446] ata1: SATA max UDMA/133 abar m2048@0xf1608000 port 0xf1608100 irq 25
[    0.872448] ata2: DUMMY
[    0.872450] ata3: DUMMY
[    0.872453] ata4: SATA max UDMA/133 abar m2048@0xf1608000 port 0xf1608280 irq 25
[    0.872454] ata5: DUMMY
[    0.872455] ata6: DUMMY
[    0.885894] [drm] Memory usable by graphics device = 2048M
[    0.885899] checking generic (e0000000 300000) vs hw (e0000000 10000000)
[    0.885902] fb: switching to inteldrmfb from VESA VGA
[    0.885932] Console: switching to colour dummy device 80x25
[    0.886020] [drm] Replacing VGA console driver
[    0.887084] r8169 0000:07:00.0 enp7s0: renamed from eth0
[    0.892257] [drm] Supports vblank timestamp caching Rev 2 (21.10.2013).
[    0.892259] [drm] Driver supports precise vblank timestamp query.
[    0.892964] vgaarb: device changed decodes: PCI:0000:00:02.0,olddecodes=io+mem,decodes=io+mem:owns=io+mem
[    0.926023] fbcon: inteldrmfb (fb0) is primary device
[    0.926105] Console: switching to colour frame buffer device 170x48
[    0.926130] i915 0000:00:02.0: fb0: inteldrmfb frame buffer device
[    0.926476] ACPI: Video Device [GFX0] (multi-head: yes  rom: no  post: no)
[    0.926732] acpi device:31: registered as cooling_device4
[    0.926795] input: Video Bus as /devices/LNXSYSTM:00/LNXSYBUS:00/PNP0A08:00/LNXVIDEO:00/input/input10
[    0.926860] [drm] Initialized i915 1.6.0 20151010 for 0000:00:02.0 on minor 0
[    1.072810] usb 1-1: new high-speed USB device number 2 using ehci-pci
[    1.088801] usb 2-1: new high-speed USB device number 2 using ehci-pci
[    1.188807] ata1: SATA link up 6.0 Gbps (SStatus 133 SControl 300)
[    1.188872] ata4: SATA link up 3.0 Gbps (SStatus 123 SControl 300)
[    1.189992] ata4.00: ATA-8: Hitachi HTS547550A9E384, JE3OA50B, max UDMA/133
[    1.190001] ata4.00: 976773168 sectors, multi 16: LBA48 NCQ (depth 31/32), AA
[    1.190756] ata1.00: supports DRM functions and may not be fully accessible
[    1.190854] ata1.00: disabling queued TRIM support
[    1.190856] ata1.00: ATA-9: Samsung SSD 840 EVO 120GB, EXT0DB6Q, max UDMA/133
[    1.190858] ata1.00: 234441648 sectors, multi 1: LBA48 NCQ (depth 31/32), AA
[    1.191062] ata1.00: supports DRM functions and may not be fully accessible
[    1.191110] ata4.00: configured for UDMA/133
[    1.191127] ata1.00: disabling queued TRIM support
[    1.191129] ata1.00: configured for UDMA/133
[    1.191293] scsi 0:0:0:0: Direct-Access     ATA      Samsung SSD 840  DB6Q PQ: 0 ANSI: 5
[    1.191477] sd 0:0:0:0: [sda] 234441648 512-byte logical blocks: (120 GB/112 GiB)
[    1.191503] sd 0:0:0:0: Attached scsi generic sg0 type 0
[    1.191556] sd 0:0:0:0: [sda] Write Protect is off
[    1.191560] sd 0:0:0:0: [sda] Mode Sense: 00 3a 00 00
[    1.191602] sd 0:0:0:0: [sda] Write cache: enabled, read cache: enabled, doesn't support DPO or FUA
[    1.191689] scsi 3:0:0:0: Direct-Access     ATA      Hitachi HTS54755 A50B PQ: 0 ANSI: 5
[    1.191856] sd 3:0:0:0: [sdb] 976773168 512-byte logical blocks: (500 GB/466 GiB)
[    1.191858] sd 3:0:0:0: [sdb] 4096-byte physical blocks
[    1.191898] sd 3:0:0:0: Attached scsi generic sg1 type 0
[    1.191920] sd 3:0:0:0: [sdb] Write Protect is off
[    1.191924] sd 3:0:0:0: [sdb] Mode Sense: 00 3a 00 00
[    1.191965] sd 3:0:0:0: [sdb] Write cache: enabled, read cache: enabled, doesn't support DPO or FUA
[    1.192092]  sda: sda1 sda2 < sda5 sda6 >
[    1.192474] sd 0:0:0:0: [sda] Attached SCSI disk
[    1.205266] usb 1-1: New USB device found, idVendor=8087, idProduct=0024
[    1.205275] usb 1-1: New USB device strings: Mfr=0, Product=0, SerialNumber=0
[    1.205616] hub 1-1:1.0: USB hub found
[    1.205686] hub 1-1:1.0: 6 ports detected
[    1.221263] usb 2-1: New USB device found, idVendor=8087, idProduct=0024
[    1.221272] usb 2-1: New USB device strings: Mfr=0, Product=0, SerialNumber=0
[    1.221645] hub 2-1:1.0: USB hub found
[    1.221685] hub 2-1:1.0: 6 ports detected
[    1.233464]  sdb: sdb2 < sdb5 >
[    1.233836] sd 3:0:0:0: [sdb] Attached SCSI disk
[    1.476729] usb 1-1.3: new high-speed USB device number 3 using ehci-pci
[    1.492764] usb 2-1.1: new full-speed USB device number 3 using ehci-pci
[    1.602833] usb 1-1.3: New USB device found, idVendor=04f2, idProduct=b213
[    1.602843] usb 1-1.3: New USB device strings: Mfr=2, Product=1, SerialNumber=3
[    1.602848] usb 1-1.3: Product: FJ Camera
[    1.602853] usb 1-1.3: Manufacturer: Sonix Technology Co., Ltd.
[    1.602857] usb 1-1.3: SerialNumber: SN0001
[    1.614020] psmouse serio2: synaptics: queried max coordinates: x [..5682], y [..4692]
[    1.682675] usb 2-1.1: New USB device found, idVendor=041e, idProduct=323d
[    1.682678] usb 2-1.1: New USB device strings: Mfr=1, Product=2, SerialNumber=3
[    1.682679] usb 2-1.1: Product: Sound Blaster Play! 2
[    1.682681] usb 2-1.1: Manufacturer: Creative Technology Ltd
[    1.682682] usb 2-1.1: SerialNumber: 000000001595
[    1.687092] hidraw: raw HID events driver (C) Jiri Kosina
[    1.687844] psmouse serio2: synaptics: Touchpad model: 1, fw: 7.2, id: 0x1c0b1, caps: 0xd04733/0xa44000/0xa0000/0x0, board id: 0, fw id: 554713
[    1.712578] usbcore: registered new interface driver usbhid
[    1.712581] usbhid: USB HID core driver
[    1.715301] input: Creative Technology Ltd Sound Blaster Play! 2 as /devices/pci0000:00/0000:00:1d.0/usb2/2-1/2-1.1/2-1.1:1.3/0003:041E:323D.0001/input/input11
[    1.731640] input: SynPS/2 Synaptics TouchPad as /devices/platform/i8042/serio2/input/input9
[    1.736666] tsc: Refined TSC clocksource calibration: 2494.335 MHz
[    1.736668] clocksource: tsc: mask: 0xffffffffffffffff max_cycles: 0x23f452193ad, max_idle_ns: 440795212740 ns
[    1.752667] usb 2-1.3: new full-speed USB device number 4 using ehci-pci
[    1.768931] hid-generic 0003:041E:323D.0001: input,hiddev0,hidraw0: USB HID v1.00 Device [Creative Technology Ltd Sound Blaster Play! 2] on usb-0000:00:1d.0-1.1/input3
[    1.780596] EXT4-fs (sda6): mounted filesystem with ordered data mode. Opts: (null)
[    1.847136] usb 2-1.3: New USB device found, idVendor=09da, idProduct=054f
[    1.847139] usb 2-1.3: New USB device strings: Mfr=1, Product=2, SerialNumber=0
[    1.847140] usb 2-1.3: Product: USB Device
[    1.847142] usb 2-1.3: Manufacturer: A4TECH
[    1.849368] input: A4TECH USB Device as /devices/pci0000:00/0000:00:1d.0/usb2/2-1/2-1.3/2-1.3:1.0/0003:09DA:054F.0002/input/input14
[    1.861796] systemd[1]: RTC configured in localtime, applying delta of 180 minutes to system time.
[    1.880043] systemd[1]: systemd 229 running in system mode. (+PAM +AUDIT +SELINUX +IMA +APPARMOR +SMACK +SYSVINIT +UTMP +LIBCRYPTSETUP +GCRYPT +GNUTLS +ACL +XZ -LZ4 +SECCOMP +BLKID +ELFUTILS +KMOD -IDN)
[    1.880149] systemd[1]: Detected architecture x86-64.
[    1.880305] systemd[1]: Set hostname to <michael-LIFEBOOK-AH531>.
[    1.904788] hid-generic 0003:09DA:054F.0002: input,hiddev0,hidraw1: USB HID v1.11 Keyboard [A4TECH USB Device] on usb-0000:00:1d.0-1.3/input0
[    1.905917] input: A4TECH USB Device as /devices/pci0000:00/0000:00:1d.0/usb2/2-1/2-1.3/2-1.3:1.1/0003:09DA:054F.0003/input/input15
[    1.906007] hid-generic 0003:09DA:054F.0003: input,hidraw2: USB HID v1.11 Mouse [A4TECH USB Device] on usb-0000:00:1d.0-1.3/input1
[    1.945999] systemd[1]: Configuration file /etc/systemd/system/usbDevWatcher.service is marked executable. Please remove executable permission bits. Proceeding anyway.
[    1.953556] systemd[1]: Listening on fsck to fsckd communication Socket.
[    1.953627] systemd[1]: Listening on udev Control Socket.
[    1.953664] systemd[1]: Listening on Journal Socket.
[    1.953704] systemd[1]: Listening on Journal Socket (/dev/log).
[    1.953716] systemd[1]: Reached target Remote File Systems (Pre).
[    1.953727] systemd[1]: Reached target Remote File Systems.
[    1.953803] systemd[1]: Created slice User and Session Slice.
[    1.953833] systemd[1]: Listening on /dev/initctl Compatibility Named Pipe.
[    1.953858] systemd[1]: Listening on udev Kernel Socket.
[    1.953869] systemd[1]: Reached target User and Group Name Lookups.
[    1.953922] systemd[1]: Created slice System Slice.
[    1.968903] systemd[1]: Starting Load Kernel Modules...
[    1.969312] systemd[1]: Mounting Debug File System...
[    1.969743] systemd[1]: Mounting Huge Pages File System...
[    1.970422] systemd[1]: Starting Create list of required static device nodes for the current kernel...
[    1.971717] systemd[1]: Started Braille Device Support.
[    1.971917] systemd[1]: Reached target Slices.
[    1.972543] systemd[1]: Starting Uncomplicated firewall...
[    1.972760] systemd[1]: Set up automount Arbitrary Executable File Formats File System Automount Point.
[    1.973531] systemd[1]: Reached target Encrypted Volumes.
[    1.973604] systemd[1]: Started Forward Password Requests to Wall Directory Watch.
[    1.974076] systemd[1]: Mounting POSIX Message Queue File System...
[    1.974195] systemd[1]: Listening on Journal Audit Socket.
[    1.974783] systemd[1]: Starting Set console keymap...
[    1.974856] systemd[1]: Listening on Syslog Socket.
[    1.975396] systemd[1]: Starting Journal Service...
[    1.975954] systemd[1]: Started Read required files in advance.
[    1.976757] usb 2-1.4: new full-speed USB device number 5 using ehci-pci
[    1.978368] systemd[1]: Started Create list of required static device nodes for the current kernel.
[    1.981789] systemd[1]: Started Uncomplicated firewall.
[    1.984540] systemd[1]: Mounted POSIX Message Queue File System.
[    1.984611] systemd[1]: Mounted Debug File System.
[    1.984668] systemd[1]: Mounted Huge Pages File System.
[    1.986338] lp: driver loaded but no devices found
[    1.989298] ppdev: user-space parallel port driver
[    1.995130] systemd[1]: Started Load Kernel Modules.
[    2.028756] systemd[1]: Mounting FUSE Control File System...
[    2.029432] systemd[1]: Starting Apply Kernel Variables...
[    2.030150] systemd[1]: Starting Create Static Device Nodes in /dev...
[    2.031659] systemd[1]: Mounted FUSE Control File System.
[    2.031822] systemd[1]: Started Journal Service.
[    2.073110] usb 2-1.4: New USB device found, idVendor=8086, idProduct=0189
[    2.073121] usb 2-1.4: New USB device strings: Mfr=0, Product=0, SerialNumber=0
[    2.085260] EXT4-fs (sda6): re-mounted. Opts: errors=remount-ro
[    2.090462] Bluetooth: Core ver 2.21
[    2.090481] NET: Registered protocol family 31
[    2.090483] Bluetooth: HCI device and connection manager initialized
[    2.090487] Bluetooth: HCI socket layer initialized
[    2.090490] Bluetooth: L2CAP socket layer initialized
[    2.090501] Bluetooth: SCO socket layer initialized
[    2.098220] systemd-journald[234]: Received request to flush runtime journal from PID 1
[    2.100972] usbcore: registered new interface driver btusb
[    2.162500] input: Fujitsu FUJ02B1 as /devices/LNXSYSTM:00/LNXSYBUS:00/PNP0A08:00/device:01/FUJ02B1:00/input/input16
[    2.163483] fujitsu_laptop: ACPI: Fujitsu FUJ02B1 [FJEX] (on)
[    2.163688] input: Fujitsu FUJ02E3 as /devices/LNXSYSTM:00/LNXSYBUS:00/FUJ02E3:00/input/input17
[    2.163729] fujitsu_laptop: ACPI: Fujitsu FUJ02E3 [FEXT] (on)
[    2.163821] fujitsu_laptop: BTNI: [0x80001]
[    2.164567] fujitsu_laptop: driver 0.6.0 successfully loaded
[    2.173996] random: nonblocking pool is initialized
[    2.186798] ACPI Warning: SystemIO range 0x0000000000000428-0x000000000000042F conflicts with OpRegion 0x0000000000000400-0x000000000000047F (\PMIO) (20150930/utaddress-254)
[    2.186806] ACPI: If an ACPI driver is available for this device, you should use it instead of the native driver
[    2.186810] ACPI Warning: SystemIO range 0x0000000000000540-0x000000000000054F conflicts with OpRegion 0x0000000000000500-0x0000000000000563 (\GPIO) (20150930/utaddress-254)
[    2.186813] ACPI: If an ACPI driver is available for this device, you should use it instead of the native driver
[    2.186815] ACPI Warning: SystemIO range 0x0000000000000530-0x000000000000053F conflicts with OpRegion 0x0000000000000500-0x0000000000000563 (\GPIO) (20150930/utaddress-254)
[    2.186818] ACPI: If an ACPI driver is available for this device, you should use it instead of the native driver
[    2.186820] ACPI Warning: SystemIO range 0x0000000000000500-0x000000000000052F conflicts with OpRegion 0x0000000000000500-0x0000000000000563 (\GPIO) (20150930/utaddress-254)
[    2.186823] ACPI: If an ACPI driver is available for this device, you should use it instead of the native driver
[    2.186825] lpc_ich: Resource conflict(s) found affecting gpio_ich
[    2.191250] shpchp: Standard Hot Plug PCI Controller Driver version: 0.4
[    2.238332] media: Linux media interface: v0.10
[    2.246694] Linux video capture interface: v2.00
[    2.246809] Intel(R) Wireless WiFi driver for Linux
[    2.246811] Copyright(c) 2003- 2015 Intel Corporation
[    2.246979] iwlwifi 0000:01:00.0: can't disable ASPM; OS doesn't have ASPM control
[    2.257117] iwlwifi 0000:01:00.0: loaded firmware version 18.168.6.1 op_mode iwldvm
[    2.262279] uvcvideo: Found UVC 1.00 device FJ Camera (04f2:b213)
[    2.278268] input: FJ Camera as /devices/pci0000:00/0000:00:1a.0/usb1/1-1/1-1.3/1-1.3:1.0/input/input18
[    2.278357] usbcore: registered new interface driver uvcvideo
[    2.278359] USB Video Class driver (1.1.1)
[    2.289309] iwlwifi 0000:01:00.0: CONFIG_IWLWIFI_DEBUG disabled
[    2.289314] iwlwifi 0000:01:00.0: CONFIG_IWLWIFI_DEBUGFS enabled
[    2.289316] iwlwifi 0000:01:00.0: CONFIG_IWLWIFI_DEVICE_TRACING enabled
[    2.289318] iwlwifi 0000:01:00.0: Detected Intel(R) Centrino(R) Wireless-N 1030 BGN, REV=0xB0
[    2.289420] iwlwifi 0000:01:00.0: L1 Enabled - LTR Disabled
[    2.295482] snd_hda_codec_realtek hdaudioC0D0: ALC269VB: SKU not ready 0x90970130
[    2.296204] snd_hda_codec_realtek hdaudioC0D0: autoconfig for ALC269VB: line_outs=1 (0x14/0x0/0x0/0x0/0x0) type:speaker
[    2.296208] snd_hda_codec_realtek hdaudioC0D0:    speaker_outs=0 (0x0/0x0/0x0/0x0/0x0)
[    2.296211] snd_hda_codec_realtek hdaudioC0D0:    hp_outs=1 (0x21/0x0/0x0/0x0/0x0)
[    2.296213] snd_hda_codec_realtek hdaudioC0D0:    mono: mono_out=0x0
[    2.296215] snd_hda_codec_realtek hdaudioC0D0:    inputs:
[    2.296217] snd_hda_codec_realtek hdaudioC0D0:      Mic=0x18
[    2.296219] snd_hda_codec_realtek hdaudioC0D0:      Internal Mic=0x12
[    2.311680] input: HDA Intel PCH Mic as /devices/pci0000:00/0000:00:1b.0/sound/card0/input19
[    2.311757] input: HDA Intel PCH Front Headphone as /devices/pci0000:00/0000:00:1b.0/sound/card0/input20
[    2.311834] input: HDA Intel PCH HDMI/DP,pcm=3 as /devices/pci0000:00/0000:00:1b.0/sound/card0/input21
[    2.317960] AVX version of gcm_enc/dec engaged.
[    2.317963] AES CTR mode by8 optimization enabled
[    2.319256] ieee80211 phy0: Selected rate control algorithm 'iwl-agn-rs'
[    2.373800] intel_rapl: Found RAPL domain package
[    2.373804] intel_rapl: Found RAPL domain core
[    2.373807] intel_rapl: Found RAPL domain uncore
[    2.413802] usbcore: registered new interface driver snd-usb-audio
[    2.446286] Adding 999420k swap on /dev/sda5.  Priority:-1 extents:1 across:999420k SSFS
[    2.474899] iwlwifi 0000:01:00.0 wlp1s0: renamed from wlan0
[    2.494714] cfg80211: World regulatory domain updated:
[    2.494718] cfg80211:  DFS Master region: unset
[    2.494720] cfg80211:   (start_freq - end_freq @ bandwidth), (max_antenna_gain, max_eirp), (dfs_cac_time)
[    2.494723] cfg80211:   (2402000 KHz - 2472000 KHz @ 40000 KHz), (N/A, 2000 mBm), (N/A)
[    2.494724] cfg80211:   (2457000 KHz - 2482000 KHz @ 40000 KHz), (N/A, 2000 mBm), (N/A)
[    2.494726] cfg80211:   (2474000 KHz - 2494000 KHz @ 20000 KHz), (N/A, 2000 mBm), (N/A)
[    2.494729] cfg80211:   (5170000 KHz - 5250000 KHz @ 80000 KHz, 160000 KHz AUTO), (N/A, 2000 mBm), (N/A)
[    2.494731] cfg80211:   (5250000 KHz - 5330000 KHz @ 80000 KHz, 160000 KHz AUTO), (N/A, 2000 mBm), (0 s)
[    2.494733] cfg80211:   (5490000 KHz - 5730000 KHz @ 160000 KHz), (N/A, 2000 mBm), (0 s)
[    2.494735] cfg80211:   (5735000 KHz - 5835000 KHz @ 80000 KHz), (N/A, 2000 mBm), (N/A)
[    2.494736] cfg80211:   (57240000 KHz - 63720000 KHz @ 2160000 KHz), (N/A, 0 mBm), (N/A)
[    2.567451] audit: type=1400 audit(1493486002.261:2): apparmor="STATUS" operation="profile_load" profile="unconfined" name="/sbin/dhclient" pid=689 comm="apparmor_parser"
[    2.567461] audit: type=1400 audit(1493486002.261:3): apparmor="STATUS" operation="profile_load" profile="unconfined" name="/usr/lib/NetworkManager/nm-dhcp-client.action" pid=689 comm="apparmor_parser"
[    2.567467] audit: type=1400 audit(1493486002.261:4): apparmor="STATUS" operation="profile_load" profile="unconfined" name="/usr/lib/NetworkManager/nm-dhcp-helper" pid=689 comm="apparmor_parser"
[    2.567474] audit: type=1400 audit(1493486002.261:5): apparmor="STATUS" operation="profile_load" profile="unconfined" name="/usr/lib/connman/scripts/dhclient-script" pid=689 comm="apparmor_parser"
[    2.568534] audit: type=1400 audit(1493486002.261:6): apparmor="STATUS" operation="profile_load" profile="unconfined" name="/usr/lib/lightdm/lightdm-guest-session" pid=688 comm="apparmor_parser"
[    2.568542] audit: type=1400 audit(1493486002.261:7): apparmor="STATUS" operation="profile_load" profile="unconfined" name="/usr/lib/lightdm/lightdm-guest-session//chromium" pid=688 comm="apparmor_parser"
[    2.570099] audit: type=1400 audit(1493486002.265:8): apparmor="STATUS" operation="profile_load" profile="unconfined" name="/usr/lib/snapd/snap-confine" pid=694 comm="apparmor_parser"
[    2.570110] audit: type=1400 audit(1493486002.265:9): apparmor="STATUS" operation="profile_load" profile="unconfined" name="/usr/lib/snapd/snap-confine//mount-namespace-capture-helper" pid=694 comm="apparmor_parser"
[    2.572521] audit: type=1400 audit(1493486002.265:10): apparmor="STATUS" operation="profile_load" profile="unconfined" name="/usr/sbin/cups-browsed" pid=695 comm="apparmor_parser"
[    2.656810] Bluetooth: BNEP (Ethernet Emulation) ver 1.3
[    2.656812] Bluetooth: BNEP filters: protocol multicast
[    2.656816] Bluetooth: BNEP socket layer initialized
[    2.737491] clocksource: Switched to clocksource tsc
[    2.931976] IPv6: ADDRCONF(NETDEV_UP): wlp1s0: link is not ready
[    2.932117] iwlwifi 0000:01:00.0: L1 Enabled - LTR Disabled
[    2.938809] iwlwifi 0000:01:00.0: L1 Enabled - LTR Disabled
[    2.938898] iwlwifi 0000:01:00.0: Radio type=0x2-0x2-0x1
[    3.004871] iwlwifi 0000:01:00.0: L1 Enabled - LTR Disabled
[    3.011489] iwlwifi 0000:01:00.0: L1 Enabled - LTR Disabled
[    3.011576] iwlwifi 0000:01:00.0: Radio type=0x2-0x2-0x1
[    3.070565] IPv6: ADDRCONF(NETDEV_UP): wlp1s0: link is not ready
[    3.074325] IPv6: ADDRCONF(NETDEV_UP): enp7s0: link is not ready
[    3.224383] r8169 0000:07:00.0 enp7s0: link down
[    3.224427] IPv6: ADDRCONF(NETDEV_UP): enp7s0: link is not ready
[    3.299367] IPv6: ADDRCONF(NETDEV_UP): wlp1s0: link is not ready
[    4.277089] wlp1s0: authenticate with 28:c6:8e:b8:8f:5d
[    4.279663] wlp1s0: send auth to 28:c6:8e:b8:8f:5d (try 1/3)
[    4.281939] wlp1s0: authenticated
[    4.282107] iwlwifi 0000:01:00.0 wlp1s0: disabling HT as WMM/QoS is not supported by the AP
[    4.282110] iwlwifi 0000:01:00.0 wlp1s0: disabling VHT as WMM/QoS is not supported by the AP
[    4.284433] wlp1s0: associate with 28:c6:8e:b8:8f:5d (try 1/3)
[    4.287035] wlp1s0: RX AssocResp from 28:c6:8e:b8:8f:5d (capab=0x411 status=0 aid=2)
[    4.295596] wlp1s0: associated
[    4.295642] IPv6: ADDRCONF(NETDEV_CHANGE): wlp1s0: link becomes ready
[    5.134386] Bluetooth: RFCOMM TTY layer initialized
[    5.134397] Bluetooth: RFCOMM socket layer initialized
[    5.134404] Bluetooth: RFCOMM ver 1.11
[  269.424034] symbolDriver: module verification failed: signature and/or required key missing - tainting kernel
[  269.424886] Driver ”symbolDriver” is loaded!
[  269.424894] Major number: 244 0'.
[  671.020907]  Driver ”symbolDriver” is unloaded!
[ 1410.357589] usbcore: deregistering interface driver usbhid
[ 1463.051894] input:  as /devices/pci0000:00/0000:00:1d.0/usb2/2-1/2-1.3/2-1.3:1.1/input/input22
[ 1463.052235] usbcore: registered new interface driver usbmouse
[ 1463.052657] No button pressed!
[ 1463.053644] No button pressed!
[ 1463.092853] No button pressed!
[ 1494.275962] Left mouse button clicked!
[ 1494.366927] No button pressed!
[ 1494.505913] Left mouse button clicked!
[ 1494.564904] No button pressed!
[ 1494.684892] Left mouse button clicked!
[ 1494.740885] No button pressed!
[ 1494.847871] Left mouse button clicked!
[ 1494.924864] No button pressed!
[ 1495.018851] No button pressed!
[ 1495.042822] No button pressed!
[ 1495.066851] No button pressed!
[ 1495.068837] No button pressed!
[ 1495.070837] No button pressed!
[ 1495.072854] No button pressed!
[ 1495.074850] No button pressed!
[ 1495.076846] No button pressed!
[ 1495.078854] No button pressed!
[ 1495.080845] No button pressed!
[ 1495.082818] No button pressed!
[ 1495.084853] No button pressed!
[ 1495.086835] No button pressed!
[ 1495.088835] No button pressed!
[ 1495.090854] No button pressed!
[ 1495.092834] No button pressed!
[ 1495.094844] No button pressed!
[ 1498.885395] Right mouse button clicked!
[ 1498.972370] No button pressed!
[ 1499.203356] Left mouse button clicked!
[ 1499.316340] No button pressed!
[ 1499.466330] Right mouse button clicked!
[ 1499.637292] No button pressed!
[ 1499.829269] Right mouse button clicked!
[ 1499.937258] No button pressed!
[ 1500.159230] Left mouse button clicked!
[ 1500.291213] No button pressed!
[ 1500.654177] No button pressed!
[ 1537.600387] usbcore: deregistering interface driver usbmouse
[ 1537.602200] No button pressed!
[ 1553.103194] input: Creative Technology Ltd Sound Blaster Play! 2 as /devices/pci0000:00/0000:00:1d.0/usb2/2-1/2-1.1/2-1.1:1.3/0003:041E:323D.0004/input/input23
[ 1553.157210] hid-generic 0003:041E:323D.0004: input,hiddev0,hidraw0: USB HID v1.00 Device [Creative Technology Ltd Sound Blaster Play! 2] on usb-0000:00:1d.0-1.1/input3
[ 1553.180827] input: A4TECH USB Device as /devices/pci0000:00/0000:00:1d.0/usb2/2-1/2-1.3/2-1.3:1.0/0003:09DA:054F.0005/input/input24
[ 1553.237313] hid-generic 0003:09DA:054F.0005: input,hiddev0,hidraw1: USB HID v1.11 Keyboard [A4TECH USB Device] on usb-0000:00:1d.0-1.3/input0
[ 1553.238833] input: A4TECH USB Device as /devices/pci0000:00/0000:00:1d.0/usb2/2-1/2-1.3/2-1.3:1.1/0003:09DA:054F.0006/input/input25
[ 1553.239561] hid-generic 0003:09DA:054F.0006: input,hidraw2: USB HID v1.11 Mouse [A4TECH USB Device] on usb-0000:00:1d.0-1.3/input1
[ 1553.239619] usbcore: registered new interface driver usbhid
[ 1553.239623] usbhid: USB HID core driver
michael@michael-LIFEBOOK-AH531:~/Desktop/SP-10-semester/lab3-Driver/clickDriver$ michael@michael-LIFEBOOK-AH531:~$ cd Desktop/
michael@michael-LIFEBOOK-AH531:~$: command not found
michael@michael-LIFEBOOK-AH531:~/Desktop/SP-10-semester/lab3-Driver/clickDriver$ ParallelSytem/  phone/          SP-10-semester/ testDBus/
bash: ParallelSytem/: No such file or directory
michael@michael-LIFEBOOK-AH531:~/Desktop/SP-10-semester/lab3-Driver/clickDriver$ michael@michael-LIFEBOOK-AH531:~$ cd Desktop/SP-10-semester/lab3-Driver/
michael@michael-LIFEBOOK-AH531:~$: command not found
michael@michael-LIFEBOOK-AH531:~/Desktop/SP-10-semester/lab3-Driver/clickDriver$ michael@michael-LIFEBOOK-AH531:~/Desktop/SP-10-semester/lab3-Driver$ ls -l
bash: michael@michael-LIFEBOOK-AH531:~/Desktop/SP-10-semester/lab3-Driver$: No such file or directory
michael@michael-LIFEBOOK-AH531:~/Desktop/SP-10-semester/lab3-Driver/clickDriver$ total 40
The program 'total' is currently not installed. You can install it by typing:
sudo apt install radiance
michael@michael-LIFEBOOK-AH531:~/Desktop/SP-10-semester/lab3-Driver/clickDriver$ -rw-rw-r-- 1 michael michael    8 апр 29 19:32 built-in.o
-rw-rw-r--: command not found
michael@michael-LIFEBOOK-AH531:~/Desktop/SP-10-semester/lab3-Driver/clickDriver$ -rw-rw-r-- 1 michael michael  260 апр 29 17:56 Makefile
-rw-rw-r--: command not found
michael@michael-LIFEBOOK-AH531:~/Desktop/SP-10-semester/lab3-Driver/clickDriver$ -rw-rw-r-- 1 michael michael   72 апр 29 19:32 modules.order
-rw-rw-r--: command not found
michael@michael-LIFEBOOK-AH531:~/Desktop/SP-10-semester/lab3-Driver/clickDriver$ -rw-rw-r-- 1 michael michael    0 апр 29 19:32 Module.symvers
-rw-rw-r--: command not found
michael@michael-LIFEBOOK-AH531:~/Desktop/SP-10-semester/lab3-Driver/clickDriver$ -rw-rw-r-- 1 michael michael 2192 апр 29 19:31 symbolDriver.c
-rw-rw-r--: command not found
michael@michael-LIFEBOOK-AH531:~/Desktop/SP-10-semester/lab3-Driver/clickDriver$ -rw-rw-r-- 1 michael michael 7032 апр 29 19:32 symbolDriver.ko-rw-rw-r--: command not found
michael@michael-LIFEBOOK-AH531:~/Desktop/SP-10-semester/lab3-Driver/clickDriver$ -rw-rw-r-- 1 michael michael  988 апр 29 19:32 symbolDriver.mod.c
-rw-rw-r--: command not found
michael@michael-LIFEBOOK-AH531:~/Desktop/SP-10-semester/lab3-Driver/clickDriver$ -rw-rw-r-- 1 michael michael 3144 апр 29 19:32 symbolDriver.mod.o
-rw-rw-r--: command not found
michael@michael-LIFEBOOK-AH531:~/Desktop/SP-10-semester/lab3-Driver/clickDriver$ -rw-rw-r-- 1 michael michael 6112 апр 29 19:32 symbolDriver.o
-rw-rw-r--: command not found
michael@michael-LIFEBOOK-AH531:~/Desktop/SP-10-semester/lab3-Driver/clickDriver$ michael@michael-LIFEBOOK-AH531:~/Desktop/SP-10-semester/lab3-Driver$ 
bash: michael@michael-LIFEBOOK-AH531:~/Desktop/SP-10-semester/lab3-Driver$: No such file or directory
michael@michael-LIFEBOOK-AH531:~/Desktop/SP-10-semester/lab3-Driver/clickDriver$ michael@michael-LIFEBOOK-AH531:~/Desktop/SP-10-semester/lab3-Driver$ 
bash: michael@michael-LIFEBOOK-AH531:~/Desktop/SP-10-semester/lab3-Driver$: No such file or directory
michael@michael-LIFEBOOK-AH531:~/Desktop/SP-10-semester/lab3-Driver/clickDriver$ michael@michael-LIFEBOOK-AH531:~/Desktop/SP-10-semester/lab3-Driver$ ls -l
bash: michael@michael-LIFEBOOK-AH531:~/Desktop/SP-10-semester/lab3-Driver$: No such file or directory
michael@michael-LIFEBOOK-AH531:~/Desktop/SP-10-semester/lab3-Driver/clickDriver$ total 40
The program 'total' is currently not installed. You can install it by typing:
sudo apt install radiance
michael@michael-LIFEBOOK-AH531:~/Desktop/SP-10-semester/lab3-Driver/clickDriver$ -rw-rw-r-- 1 michael michael    8 апр 29 19:32 built-in.o
-rw-rw-r--: command not found
michael@michael-LIFEBOOK-AH531:~/Desktop/SP-10-semester/lab3-Driver/clickDriver$ -rw-rw-r-- 1 michael michael  260 апр 29 17:56 Makefile
-rw-rw-r--: command not found
michael@michael-LIFEBOOK-AH531:~/Desktop/SP-10-semester/lab3-Driver/clickDriver$ -rw-rw-r-- 1 michael michael   72 апр 29 19:32 modules.order
-rw-rw-r--: command not found
michael@michael-LIFEBOOK-AH531:~/Desktop/SP-10-semester/lab3-Driver/clickDriver$ -rw-rw-r-- 1 michael michael    0 апр 29 19:32 Module.symvers
-rw-rw-r--: command not found
michael@michael-LIFEBOOK-AH531:~/Desktop/SP-10-semester/lab3-Driver/clickDriver$ -rw-rw-r-- 1 michael michael 2192 апр 29 19:31 symbolDriver.c
-rw-rw-r--: command not found
michael@michael-LIFEBOOK-AH531:~/Desktop/SP-10-semester/lab3-Driver/clickDriver$ -rw-rw-r-- 1 michael michael 7032 апр 29 19:32 symbolDriver.ko-rw-rw-r--: command not found
michael@michael-LIFEBOOK-AH531:~/Desktop/SP-10-semester/lab3-Driver/clickDriver$ -rw-rw-r-- 1 michael michael  988 апр 29 19:32 symbolDriver.mod.c
-rw-rw-r--: command not found
michael@michael-LIFEBOOK-AH531:~/Desktop/SP-10-semester/lab3-Driver/clickDriver$ -rw-rw-r-- 1 michael michael 3144 апр 29 19:32 symbolDriver.mod.o
-rw-rw-r--: command not found
michael@michael-LIFEBOOK-AH531:~/Desktop/SP-10-semester/lab3-Driver/clickDriver$ -rw-rw-r-- 1 michael michael 6112 апр 29 19:32 symbolDriver.o
-rw-rw-r--: command not found
michael@michael-LIFEBOOK-AH531:~/Desktop/SP-10-semester/lab3-Driver/clickDriver$ (reverse-i-search)`ins': sudo apt ^Cstall libudev-dev 
> (reverse-i-search)`': gcc -C /lib/modules/4.4.0-75-generic-build symbolDriver.^Cd.c -o tmp
> michael@michael-LIFEBOOK-AH531:~/Desktop/SP-10-semester/lab3-Driver$ ^C
> (reverse-i-search)`': sudo ^Cstall -Dm755 "./src/ofono.conf" "/etc/dbus-1/system.d/ofono.conf"
bash: syntax error near unexpected token `$'`ins\': sudo apt ^Cstall libudev-dev \n(reverse-i-search)`\': gcc -C /lib/modules/4.4.0-75-generic-build symbolDriver.^Cd.c -o tmp\nmichael@michael-LIFEBOOK-AH531:~/Desktop/SP-10-semester/lab3-Driver$ ^C\n(reverse-i-search)`\':''
michael@michael-LIFEBOOK-AH531:~/Desktop/SP-10-semester/lab3-Driver/clickDriver$ michael@michael-LIFEBOOK-AH531:~/Desktop/SP-10-semester/lab3-Driver$ ^C
bash: michael@michael-LIFEBOOK-AH531:~/Desktop/SP-10-semester/lab3-Driver$: No such file or directory
michael@michael-LIFEBOOK-AH531:~/Desktop/SP-10-semester/lab3-Driver/clickDriver$ michael@michael-LIFEBOOK-AH531:~/Desktop/SP-10-semester/lab3-Driver$ sudo insmod symbolDriver.ko
bash: michael@michael-LIFEBOOK-AH531:~/Desktop/SP-10-semester/lab3-Driver$: No such file or directory
michael@michael-LIFEBOOK-AH531:~/Desktop/SP-10-semester/lab3-Driver/clickDriver$ [sudo] password for michael: 
[sudo]: command not found
michael@michael-LIFEBOOK-AH531:~/Desktop/SP-10-semester/lab3-Driver/clickDriver$ Sorry, try again.
Sorry,: command not found
michael@michael-LIFEBOOK-AH531:~/Desktop/SP-10-semester/lab3-Driver/clickDriver$ [sudo] password for michael: 
[sudo]: command not found
michael@michael-LIFEBOOK-AH531:~/Desktop/SP-10-semester/lab3-Driver/clickDriver$ (failed reverse-i-search)`dmesg | tail ': cd ^CemonOfButtonEvents/
> michael@michael-LIFEBOOK-AH531:~/Desktop/SP-10-semester/lab3-Driver$ dmesg | tail 
> [    4.284433] wlp1s0: associate with 28:c6:8e:b8:8f:5d (try 1/3)
> [    4.287035] wlp1s0: RX AssocResp from 28:c6:8e:b8:8f:5d (capab=0x411 status=0^C^C
michael@michael-LIFEBOOK-AH531:~/Desktop/SP-10-semester/lab3-Driver/clickDriver$ ^C
michael@michael-LIFEBOOK-AH531:~/Desktop/SP-10-semester/lab3-Driver/clickDriver$ ^C
michael@michael-LIFEBOOK-AH531:~/Desktop/SP-10-semester/lab3-Driver/clickDriver$ ^C
michael@michael-LIFEBOOK-AH531:~/Desktop/SP-10-semester/lab3-Driver/clickDriver$ ^C
michael@michael-LIFEBOOK-AH531:~/Desktop/SP-10-semester/lab3-Driver/clickDriver$ ^C
michael@michael-LIFEBOOK-AH531:~/Desktop/SP-10-semester/lab3-Driver/clickDriver$ ^C
michael@michael-LIFEBOOK-AH531:~/Desktop/SP-10-semester/lab3-Driver/clickDriver$ ^C
michael@michael-LIFEBOOK-AH531:~/Desktop/SP-10-semester/lab3-Driver/clickDriver$ ^C
michael@michael-LIFEBOOK-AH531:~/Desktop/SP-10-semester/lab3-Driver/clickDriver$ ^C
michael@michael-LIFEBOOK-AH531:~/Desktop/SP-10-semester/lab3-Driver/clickDriver$ ^C
michael@michael-LIFEBOOK-AH531:~/Desktop/SP-10-semester/lab3-Driver/clickDriver$ ^C
michael@michael-LIFEBOOK-AH531:~/Desktop/SP-10-semester/lab3-Driver/clickDriver$ ^C
michael@michael-LIFEBOOK-AH531:~/Desktop/SP-10-semester/lab3-Driver/clickDriver$ ^C
michael@michael-LIFEBOOK-AH531:~/Desktop/SP-10-semester/lab3-Driver/clickDriver$ ^C
michael@michael-LIFEBOOK-AH531:~/Desktop/SP-10-semester/lab3-Driver/clickDriver$ ^C
michael@michael-LIFEBOOK-AH531:~/Desktop/SP-10-semester/lab3-Driver/clickDriver$ ^C
michael@michael-LIFEBOOK-AH531:~/Desktop/SP-10-semester/lab3-Driver/clickDriver$ ^C
michael@michael-LIFEBOOK-AH531:~/Desktop/SP-10-semester/lab3-Driver/clickDriver$ ^C
michael@michael-LIFEBOOK-AH531:~/Desktop/SP-10-semester/lab3-Driver/clickDriver$ ^C
michael@michael-LIFEBOOK-AH531:~/Desktop/SP-10-semester/lab3-Driver/clickDriver$ ^C
michael@michael-LIFEBOOK-AH531:~/Desktop/SP-10-semester/lab3-Driver/clickDriver$ ^C
michael@michael-LIFEBOOK-AH531:~/Desktop/SP-10-semester/lab3-Driver/clickDriver$ 

